MPLINK 5.00, LINKER
Linker Map File - Created Wed Jul 08 14:23:06 2015

                                 Section Info
                  Section       Type    Address   Location Size(Bytes)
                ---------  ---------  ---------  ---------  ---------
               _entry_scn       code   0x000000    program   0x000006
      .romdata_Leituras.o    romdata   0x000006    program   0x000002
REMAPPED_HIGH_INTERRUPT_VECTOR       code   0x000008    program   0x000006
          .code_adcbusy.o       code   0x00000e    program   0x00000a
REMAPPED_LOW_INTERRUPT_VECTOR       code   0x000018    program   0x000006
                   .cinit    romdata   0x00001e    program   0x000026
             .code_FSIO.o       code   0x000044    program   0x00f7c0
         .code_Leituras.o       code   0x00f804    program   0x0035a2
           .code_SD-SPI.o       code   0x012da6    program   0x001e04
             .code_main.o       code   0x014baa    program   0x001b86
         .code_vfprintf.o       code   0x016730    program   0x000c22
           .code_SDCard.o       code   0x017352    program   0x000aca
           .code_salloc.o       code   0x017e1c    program   0x0005f2
                     PROG       code   0x01840e    program   0x0005b4
                   STDLIB       code   0x0189c2    program   0x000240
          .code_ConfHDW.o       code   0x018c02    program   0x0001e8
  .code_WriteBytesFlash.o       code   0x018dea    program   0x0001de
.code_RtccWriteTimeDate.o       code   0x018fc8    program   0x000182
                   STRING       code   0x01914a    program   0x000138
 .code_RtccReadTimeDate.o       code   0x019282    program   0x0000d8
          .code_sprintf.o       code   0x01935a    program   0x0000ac
          .code_adcopen.o       code   0x019406    program   0x0000a0
               _cinit_scn       code   0x0194a6    program   0x00009e
        .code_ReadFlash.o       code   0x019544    program   0x000092
             .code_putc.o       code   0x0195d6    program   0x000084
                    CTYPE       code   0x01965a    program   0x000074
           .code_u1open.o       code   0x0196ce    program   0x000072
          .code_fxm3232.o       code   0x019740    program   0x000070
           .code_u1gets.o       code   0x0197b0    program   0x00005e
        .romdata_SD-SPI.o    romdata   0x01980e    program   0x000050
           .code_u1puts.o       code   0x01985e    program   0x00004c
         .code_fxd3232u.o       code   0x0198aa    program   0x000048
             .stringtable    romdata   0x0198f2    program   0x000047
        .idata_u1gets.o_i    romdata   0x019939    program   0x000000
       .idata_adcopen.o_i    romdata   0x019939    program   0x000000
        .romdata_u1gets.o    romdata   0x019939    program   0x000000
        .idata_t0open.o_i    romdata   0x019939    program   0x000000
        .romdata_t0open.o    romdata   0x019939    program   0x000000
       .romdata_adcread.o    romdata   0x019939    program   0x000000
       .romdata_fxm3232.o    romdata   0x019939    program   0x000000
        .romdata_u1baud.o    romdata   0x019939    program   0x000000
        .idata_u1baud.o_i    romdata   0x019939    program   0x000000
 .idata_RTCCInitClock.o_i    romdata   0x019939    program   0x000000
 .romdata_RTCCInitClock.o    romdata   0x019939    program   0x000000
.idata_RtccReadTimeDate.o_i    romdata   0x019939    program   0x000000
.romdata_RtccReadTimeDate.o    romdata   0x019939    program   0x000000
    .romdata__user_putc.o    romdata   0x019939    program   0x000000
.idata_RtccWriteTimeDate.o_i    romdata   0x019939    program   0x000000
.romdata_RtccWriteTimeDate.o    romdata   0x019939    program   0x000000
      .idata_adcsetch.o_i    romdata   0x019939    program   0x000000
        .idata___init.o_i    romdata   0x019939    program   0x000000
       .idata_u1write.o_i    romdata   0x019939    program   0x000000
       .romdata_u1write.o    romdata   0x019939    program   0x000000
.romdata_WriteBytesFlash.o    romdata   0x019939    program   0x000000
         .romdata_c018i.o    romdata   0x019939    program   0x000000
       .romdata_ConfHDW.o    romdata   0x019939    program   0x000000
      .idata_fxd3232u.o_i    romdata   0x019939    program   0x000000
        .romdata_salloc.o    romdata   0x019939    program   0x000000
      .romdata_fxd1616u.o    romdata   0x019939    program   0x000000
        .romdata_u1puts.o    romdata   0x019939    program   0x000000
      .idata_fxd0808u.o_i    romdata   0x019939    program   0x000000
        .idata_salloc.o_i    romdata   0x019939    program   0x000000
       .idata_pow2x16.o_i    romdata   0x019939    program   0x000000
        .idata_SDCard.o_i    romdata   0x019939    program   0x000000
        .idata_u1puts.o_i    romdata   0x019939    program   0x000000
       .romdata_adcconv.o    romdata   0x019939    program   0x000000
       .idata_adcbusy.o_i    romdata   0x019939    program   0x000000
       .romdata_pow2x16.o    romdata   0x019939    program   0x000000
           .code_u1read.o       code   0x01993a    program   0x00003e
           .code_u1defs.o       code   0x01993a    program   0x000000
          .code_t0write.o       code   0x019978    program   0x000038
           .code_t0open.o       code   0x0199b0    program   0x000038
         .code_RtccWrOn.o       code   0x0199e8    program   0x000034
             D10KTCYXCODE       code   0x019a1c    program   0x00002e
          .code_u1write.o       code   0x019a4a    program   0x00002e
         .code_adcsetch.o       code   0x019a78    program   0x00002e
         .code_fxd1616u.o       code   0x019aa6    program   0x00002c
           .code_u1baud.o       code   0x019ad2    program   0x000022
                    .code       code   0x019af4    program   0x000020
             _startup_scn       code   0x019b14    program   0x00001c
                    STDIO       code   0x019b30    program   0x00001c
         .code_fxd0808u.o       code   0x019b4c    program   0x00001c
    .code_RTCCInitClock.o       code   0x019b68    program   0x00001c
          .code_pow2x16.o       code   0x019b84    program   0x000016
          .code_adcread.o       code   0x019b9a    program   0x000012
      .romdata_vfprintf.o    romdata   0x019bac    program   0x000011
       .romdata_t0write.o    romdata   0x019bbd    program   0x000000
       .idata_t0write.o_i    romdata   0x019bbd    program   0x000000
          .romdata_putc.o    romdata   0x019bbd    program   0x000000
          .idata_putc.o_i    romdata   0x019bbd    program   0x000000
      .idata_vfprintf.o_i    romdata   0x019bbd    program   0x000000
       .romdata_sprintf.o    romdata   0x019bbd    program   0x000000
       .idata_sprintf.o_i    romdata   0x019bbd    program   0x000000
        .romdata___init.o    romdata   0x019bbd    program   0x000000
    .idata__user_putc.o_i    romdata   0x019bbd    program   0x000000
        .romdata_u1read.o    romdata   0x019bbd    program   0x000000
        .idata_u1read.o_i    romdata   0x019bbd    program   0x000000
         .idata_c018i.o_i    romdata   0x019bbd    program   0x000000
          .romdata_FSIO.o    romdata   0x019bbd    program   0x000000
        .idata_SD-SPI.o_i    romdata   0x019bbd    program   0x000000
          .romdata_main.o    romdata   0x019bbd    program   0x000000
       .idata_ConfHDW.o_i    romdata   0x019bbd    program   0x000000
        .romdata_SDCard.o    romdata   0x019bbd    program   0x000000
       .romdata_adcbusy.o    romdata   0x019bbd    program   0x000000
       .idata_adcconv.o_i    romdata   0x019bbd    program   0x000000
      .romdata_fxd0808u.o    romdata   0x019bbd    program   0x000000
      .idata_fxd1616u.o_i    romdata   0x019bbd    program   0x000000
      .romdata_fxd3232u.o    romdata   0x019bbd    program   0x000000
       .idata_fxm3232.o_i    romdata   0x019bbd    program   0x000000
.idata_WriteBytesFlash.o_i    romdata   0x019bbd    program   0x000000
        .romdata_u1defs.o    romdata   0x019bbd    program   0x000000
        .idata_u1defs.o_i    romdata   0x019bbd    program   0x000000
      .romdata_adcsetch.o    romdata   0x019bbd    program   0x000000
      .romdata_RtccWrOn.o    romdata   0x019bbd    program   0x000000
      .idata_RtccWrOn.o_i    romdata   0x019bbd    program   0x000000
        .idata_u1open.o_i    romdata   0x019bbd    program   0x000000
        .romdata_u1open.o    romdata   0x019bbd    program   0x000000
       .romdata_adcopen.o    romdata   0x019bbd    program   0x000000
       .idata_adcread.o_i    romdata   0x019bbd    program   0x000000
     .idata_ReadFlash.o_i    romdata   0x019bbd    program   0x000000
     .romdata_ReadFlash.o    romdata   0x019bbd    program   0x000000
          .code_adcconv.o       code   0x019bbe    program   0x000004
            .code_c018i.o       code   0x019bbe    program   0x000000
       .code__user_putc.o       code   0x019bc2    program   0x000002
           .code___init.o       code   0x019bc4    program   0x000002
          .idata_main.o_i    romdata   0x019bc6    program   0x000021
      .idata_Leituras.o_i    romdata   0x019be7    program   0x00002f
          .idata_FSIO.o_i    romdata   0x019c16    program   0x00001e
     .config_1fff8_main.o    romdata   0x01fff8    program   0x000001
     .config_1fff9_main.o    romdata   0x01fff9    program   0x000001
     .config_1fffa_main.o    romdata   0x01fffa    program   0x000001
     .config_1fffb_main.o    romdata   0x01fffb    program   0x000001
     .config_1fffc_main.o    romdata   0x01fffc    program   0x000001
     .config_1fffd_main.o    romdata   0x01fffd    program   0x000001
     .config_1ffff_main.o    romdata   0x01ffff    program   0x000001
Tratamento_High_Interrupt_tmp      udata   0x000000       data   0x000034
                MATH_DATA      udata   0x000034       data   0x000014
                 .tmpdata      udata   0x000048       data   0x000010
                DELAYDAT2      udata   0x000058       data   0x000001
                DELAYDAT1      udata   0x000059       data   0x000001
              _SRAM_ALLOC      udata   0x00005a       data   0x000000
          .udata_SD-SPI.o      udata   0x000060       data   0x00003e
            .udata_main.o      udata   0x00009e       data   0x000033
        .idata_Leituras.o      idata   0x0000d1       data   0x00002f
         _SRAM_ALLOC_HEAP      udata   0x000100       data   0x000100
        .udata_Leituras.o      udata   0x000200       data   0x0000fc
          .udata_u1defs.o      udata   0x0002fc       data   0x000001
         .idata_u1write.o      idata   0x0002fd       data   0x000000
         .udata_u1write.o      udata   0x0002fd       data   0x000000
        .idata_adcsetch.o      idata   0x0002fd       data   0x000000
          .idata_u1defs.o      idata   0x0002fd       data   0x000000
 .udata_WriteBytesFlash.o      udata   0x0002fd       data   0x000000
        .udata_adcsetch.o      udata   0x0002fd       data   0x000000
 .idata_WriteBytesFlash.o      idata   0x0002fd       data   0x000000
.idata_RtccWriteTimeDate.o      idata   0x0002fd       data   0x000000
.udata_RtccWriteTimeDate.o      udata   0x0002fd       data   0x000000
        .idata_RtccWrOn.o      idata   0x0002fd       data   0x000000
        .udata_RtccWrOn.o      udata   0x0002fd       data   0x000000
.idata_RtccReadTimeDate.o      idata   0x0002fd       data   0x000000
.udata_RtccReadTimeDate.o      udata   0x0002fd       data   0x000000
   .idata_RTCCInitClock.o      idata   0x0002fd       data   0x000000
   .udata_RTCCInitClock.o      udata   0x0002fd       data   0x000000
       .idata_ReadFlash.o      idata   0x0002fd       data   0x000000
       .udata_ReadFlash.o      udata   0x0002fd       data   0x000000
         .idata_adcread.o      idata   0x0002fd       data   0x000000
         .udata_adcread.o      udata   0x0002fd       data   0x000000
      .idata__user_putc.o      idata   0x0002fd       data   0x000000
      .udata__user_putc.o      udata   0x0002fd       data   0x000000
            .idata_putc.o      idata   0x0002fd       data   0x000000
            .udata_putc.o      udata   0x0002fd       data   0x000000
        .idata_vfprintf.o      idata   0x0002fd       data   0x000000
        .udata_vfprintf.o      udata   0x0002fd       data   0x000000
         .idata_sprintf.o      idata   0x0002fd       data   0x000000
         .udata_sprintf.o      udata   0x0002fd       data   0x000000
          .idata_u1puts.o      idata   0x0002fd       data   0x000000
          .udata_u1puts.o      udata   0x0002fd       data   0x000000
         .idata_pow2x16.o      idata   0x0002fd       data   0x000000
         .udata_pow2x16.o      udata   0x0002fd       data   0x000000
          .idata_u1read.o      idata   0x0002fd       data   0x000000
          .udata_u1read.o      udata   0x0002fd       data   0x000000
          .idata_u1gets.o      idata   0x0002fd       data   0x000000
          .udata_u1gets.o      udata   0x0002fd       data   0x000000
          .idata_u1baud.o      idata   0x0002fd       data   0x000000
          .udata_u1baud.o      udata   0x0002fd       data   0x000000
          .idata___init.o      idata   0x0002fd       data   0x000000
          .udata___init.o      udata   0x0002fd       data   0x000000
         .idata_t0write.o      idata   0x0002fd       data   0x000000
         .udata_t0write.o      udata   0x0002fd       data   0x000000
          .idata_SDCard.o      idata   0x0002fd       data   0x000000
          .udata_SDCard.o      udata   0x0002fd       data   0x000000
         .idata_ConfHDW.o      idata   0x0002fd       data   0x000000
          .idata_SD-SPI.o      idata   0x0002fd       data   0x000000
          .idata_salloc.o      idata   0x0002fd       data   0x000000
          .udata_salloc.o      udata   0x0002fd       data   0x000000
           .idata_c018i.o      idata   0x0002fd       data   0x000000
         .udata_adcbusy.o      udata   0x0002fd       data   0x000000
         .idata_adcbusy.o      idata   0x0002fd       data   0x000000
         .udata_adcconv.o      udata   0x0002fd       data   0x000000
         .idata_adcconv.o      idata   0x0002fd       data   0x000000
        .udata_fxd0808u.o      udata   0x0002fd       data   0x000000
          .idata_t0open.o      idata   0x0002fd       data   0x000000
          .udata_t0open.o      udata   0x0002fd       data   0x000000
         .idata_adcopen.o      idata   0x0002fd       data   0x000000
         .udata_adcopen.o      udata   0x0002fd       data   0x000000
          .idata_u1open.o      idata   0x0002fd       data   0x000000
          .udata_u1open.o      udata   0x0002fd       data   0x000000
         .idata_fxm3232.o      idata   0x0002fd       data   0x000000
         .udata_fxm3232.o      udata   0x0002fd       data   0x000000
        .idata_fxd3232u.o      idata   0x0002fd       data   0x000000
        .udata_fxd3232u.o      udata   0x0002fd       data   0x000000
        .idata_fxd1616u.o      idata   0x0002fd       data   0x000000
        .udata_fxd1616u.o      udata   0x0002fd       data   0x000000
        .idata_fxd0808u.o      idata   0x0002fd       data   0x000000
            .udata_FSIO.o      udata   0x000300       data   0x0000f1
         .udata_ConfHDW.o      udata   0x0003f1       data   0x00000b
               dataBuffer      udata   0x000700       data   0x000200
                FATBuffer      udata   0x000900       data   0x000200
                   .stack      udata   0x000b00       data   0x000200
            .idata_main.o      idata   0x000e00       data   0x000021
            .idata_FSIO.o      idata   0x000e21       data   0x00001e
           .udata_c018i.o      udata   0x000e3f       data   0x00000a
              SFR_BANKED0      udata   0x000eb8       data   0x000005
              SFR_BANKED1      udata   0x000ebf       data   0x000014
              SFR_BANKED2      udata   0x000ee1       data   0x000004
              SFR_BANKED3      udata   0x000ee6       data   0x000005
              SFR_BANKED4      udata   0x000ef2       data   0x000003
              SFR_BANKED5      udata   0x000ef7       data   0x000002
              SFR_BANKED6      udata   0x000efc       data   0x000004
              SFR_BANKED7      udata   0x000f00       data   0x000026
              SFR_BANKED8      udata   0x000f3a       data   0x000009
              SFR_BANKED9      udata   0x000f44       data   0x000010
            SFR_UNBANKED0      udata   0x000f66       data   0x00009a



                              Program Memory Usage 
                               Start         End      
                           ---------   ---------      
                            0x000000    0x019938      
                            0x01993a    0x019bbc      
                            0x019bbe    0x019c33      
                            0x01fff8    0x01fffd      
                            0x01ffff    0x01ffff      
            105529 out of 131074 program addresses used, program memory utilization is 80%



                              Symbols - Sorted by Name
                     Name    Address   Location    Storage File                     
                ---------  ---------  ---------  --------- ---------                
           ASMSPIReadLoop   0x013a26    program     static                          
 ASMSPIReadLoopEntryPoint   0x013a32    program     static                          
           ASMSPIXmitLoop   0x013f82    program     static                          
 ASMSPIXmitLoopEntryPoint   0x013f88    program     static                          
                AbreUSART   0x018dbc    program     extern E:\Mestrado\06 - Tese\02 - Firmware\Bitemeter V01 R01.X\ConfHDW.c
          Apresenta2casas   0x0127fc    program     extern E:\Mestrado\06 - Tese\02 - Firmware\Bitemeter V01 R01.X\Leituras.c
                  BusyADC   0x00000e    program     extern E:\3.46\pic18-lt\cxx-framework\src\pmc_common\ADC\adcbusy.c
         Cache_File_Entry   0x0025b6    program     extern E:\Mestrado\06 - Tese\02 - Firmware\Bitemeter V01 R01.X\MDD_File_System\FSIO.c
                CloseSPIM   0x014102    program     extern E:\Mestrado\06 - Tese\02 - Firmware\Bitemeter V01 R01.X\MDD_File_System\SD-SPI.c
           Cluster2Sector   0x005d8e    program     extern E:\Mestrado\06 - Tese\02 - Firmware\Bitemeter V01 R01.X\MDD_File_System\FSIO.c
                  ConfHDW   0x018c02    program     extern E:\Mestrado\06 - Tese\02 - Firmware\Bitemeter V01 R01.X\ConfHDW.c
           ConvDecimalHex   0x0164b6    program     extern E:\Mestrado\06 - Tese\02 - Firmware\Bitemeter V01 R01.X\main.c
   ConvFloatStringMedidas   0x015ca0    program     extern E:\Mestrado\06 - Tese\02 - Firmware\Bitemeter V01 R01.X\main.c
ConvFloatStringTemperatura   0x015bf6    program     extern E:\Mestrado\06 - Tese\02 - Firmware\Bitemeter V01 R01.X\main.c
            ConvStringInt   0x0163ba    program     extern E:\Mestrado\06 - Tese\02 - Firmware\Bitemeter V01 R01.X\main.c
               ConvertADC   0x019bbe    program     extern E:\3.46\pic18-lt\cxx-framework\src\pmc_common\ADC\adcconv.c
   ConverteBCDparaDecimal   0x0166de    program     extern E:\Mestrado\06 - Tese\02 - Firmware\Bitemeter V01 R01.X\main.c
                CreateDIR   0x00ce8a    program     extern E:\Mestrado\06 - Tese\02 - Firmware\Bitemeter V01 R01.X\MDD_File_System\FSIO.c
          CreateFileEntry   0x002c0c    program     extern E:\Mestrado\06 - Tese\02 - Firmware\Bitemeter V01 R01.X\MDD_File_System\FSIO.c
       CreateFirstCluster   0x002cc8    program     extern E:\Mestrado\06 - Tese\02 - Firmware\Bitemeter V01 R01.X\MDD_File_System\FSIO.c
                   D10K_1   0x019a28    program     static E:\3.46\pic18-lt\cxx-framework\src\traditional\delays\d10ktcyx.asm
                    D10Kl   0x019a34    program     static E:\3.46\pic18-lt\cxx-framework\src\traditional\delays\d10ktcyx.asm
                    D10Kx   0x019a26    program     static E:\3.46\pic18-lt\cxx-framework\src\traditional\delays\d10ktcyx.asm
                DISKmount   0x000e36    program     extern E:\Mestrado\06 - Tese\02 - Firmware\Bitemeter V01 R01.X\MDD_File_System\FSIO.c
             Delay10KTCYx   0x019a1c    program     extern E:\3.46\pic18-lt\cxx-framework\src\traditional\delays\d10ktcyx.asm
                  Delayms   0x01406e    program     extern E:\Mestrado\06 - Tese\02 - Firmware\Bitemeter V01 R01.X\MDD_File_System\SD-SPI.c
    EnviaComandoBluetooth   0x015e50    program     extern E:\Mestrado\06 - Tese\02 - Firmware\Bitemeter V01 R01.X\main.c
             EraseCluster   0x005bfc    program     extern E:\Mestrado\06 - Tese\02 - Firmware\Bitemeter V01 R01.X\MDD_File_System\FSIO.c
  FAT_erase_cluster_chain   0x00222a    program     extern E:\Mestrado\06 - Tese\02 - Firmware\Bitemeter V01 R01.X\MDD_File_System\FSIO.c
      FATfindEmptyCluster   0x003994    program     extern E:\Mestrado\06 - Tese\02 - Firmware\Bitemeter V01 R01.X\MDD_File_System\FSIO.c
    FILECreateHeadCluster   0x0059a4    program     extern E:\Mestrado\06 - Tese\02 - Firmware\Bitemeter V01 R01.X\MDD_File_System\FSIO.c
 FILEallocate_new_cluster   0x0036da    program     extern E:\Mestrado\06 - Tese\02 - Firmware\Bitemeter V01 R01.X\MDD_File_System\FSIO.c
                FILEerase   0x0046f6    program     extern E:\Mestrado\06 - Tese\02 - Firmware\Bitemeter V01 R01.X\MDD_File_System\FSIO.c
                 FILEfind   0x0001de    program     extern E:\Mestrado\06 - Tese\02 - Firmware\Bitemeter V01 R01.X\MDD_File_System\FSIO.c
     FILEget_next_cluster   0x000b50    program     extern E:\Mestrado\06 - Tese\02 - Firmware\Bitemeter V01 R01.X\MDD_File_System\FSIO.c
                 FILEopen   0x00076a    program     extern E:\Mestrado\06 - Tese\02 - Firmware\Bitemeter V01 R01.X\MDD_File_System\FSIO.c
                 FLO1632S   0x018412    program     extern E:\3.46\pic18-lt\cxx-framework\src\traditional\math\cast16FP.asm
                 FLO1632U   0x01840e    program     extern E:\3.46\pic18-lt\cxx-framework\src\traditional\math\cast16FP.asm
                    FPA32   0x01843a    program     extern E:\3.46\pic18-lt\cxx-framework\src\traditional\math\addFP.asm
                    FPD32   0x018566    program     extern E:\3.46\pic18-lt\cxx-framework\src\traditional\math\divFP.asm
                    FPM32   0x01860c    program     extern E:\3.46\pic18-lt\cxx-framework\src\traditional\math\mulFP.asm
                    FPS32   0x018438    program     extern E:\3.46\pic18-lt\cxx-framework\src\traditional\math\addFP.asm
                   FSInit   0x000044    program     extern E:\Mestrado\06 - Tese\02 - Firmware\Bitemeter V01 R01.X\MDD_File_System\FSIO.c
                 FSattrib   0x006018    program     extern E:\Mestrado\06 - Tese\02 - Firmware\Bitemeter V01 R01.X\MDD_File_System\FSIO.c
                  FSchdir   0x009e0a    program     extern E:\Mestrado\06 - Tese\02 - Firmware\Bitemeter V01 R01.X\MDD_File_System\FSIO.c
               FSchdirpgm   0x009e4e    program     extern E:\Mestrado\06 - Tese\02 - Firmware\Bitemeter V01 R01.X\MDD_File_System\FSIO.c
                  FSerror   0x0058a6    program     extern E:\Mestrado\06 - Tese\02 - Firmware\Bitemeter V01 R01.X\MDD_File_System\FSIO.c
                 FSfclose   0x003d84    program     extern E:\Mestrado\06 - Tese\02 - Firmware\Bitemeter V01 R01.X\MDD_File_System\FSIO.c
                   FSfeof   0x006ada    program     extern E:\Mestrado\06 - Tese\02 - Firmware\Bitemeter V01 R01.X\MDD_File_System\FSIO.c
                  FSfopen   0x004c8e    program     extern E:\Mestrado\06 - Tese\02 - Firmware\Bitemeter V01 R01.X\MDD_File_System\FSIO.c
               FSfopenpgm   0x008620    program     extern E:\Mestrado\06 - Tese\02 - Firmware\Bitemeter V01 R01.X\MDD_File_System\FSIO.c
                  FSfread   0x006b64    program     extern E:\Mestrado\06 - Tese\02 - Firmware\Bitemeter V01 R01.X\MDD_File_System\FSIO.c
                  FSfseek   0x007d12    program     extern E:\Mestrado\06 - Tese\02 - Firmware\Bitemeter V01 R01.X\MDD_File_System\FSIO.c
                  FSftell   0x00555c    program     extern E:\Mestrado\06 - Tese\02 - Firmware\Bitemeter V01 R01.X\MDD_File_System\FSIO.c
                 FSfwrite   0x0061d4    program     extern E:\Mestrado\06 - Tese\02 - Firmware\Bitemeter V01 R01.X\MDD_File_System\FSIO.c
                 FSgetcwd   0x00ad48    program     extern E:\Mestrado\06 - Tese\02 - Firmware\Bitemeter V01 R01.X\MDD_File_System\FSIO.c
                  FSmkdir   0x00bfe8    program     extern E:\Mestrado\06 - Tese\02 - Firmware\Bitemeter V01 R01.X\MDD_File_System\FSIO.c
               FSmkdirpgm   0x00c02c    program     extern E:\Mestrado\06 - Tese\02 - Firmware\Bitemeter V01 R01.X\MDD_File_System\FSIO.c
                 FSremove   0x0055b2    program     extern E:\Mestrado\06 - Tese\02 - Firmware\Bitemeter V01 R01.X\MDD_File_System\FSIO.c
              FSremovepgm   0x008766    program     extern E:\Mestrado\06 - Tese\02 - Firmware\Bitemeter V01 R01.X\MDD_File_System\FSIO.c
                 FSrename   0x004984    program     extern E:\Mestrado\06 - Tese\02 - Firmware\Bitemeter V01 R01.X\MDD_File_System\FSIO.c
              FSrenamepgm   0x00857e    program     extern E:\Mestrado\06 - Tese\02 - Firmware\Bitemeter V01 R01.X\MDD_File_System\FSIO.c
                 FSrewind   0x0057ec    program     extern E:\Mestrado\06 - Tese\02 - Firmware\Bitemeter V01 R01.X\MDD_File_System\FSIO.c
                  FSrmdir   0x00d610    program     extern E:\Mestrado\06 - Tese\02 - Firmware\Bitemeter V01 R01.X\MDD_File_System\FSIO.c
               FSrmdirpgm   0x00d65a    program     extern E:\Mestrado\06 - Tese\02 - Firmware\Bitemeter V01 R01.X\MDD_File_System\FSIO.c
                 FXD0808U   0x019b4c    program     extern E:\3.46\pic18-lt\cxx-framework\src\traditional\math\fxd0808u.c
                 FXD1616U   0x019aa6    program     extern E:\3.46\pic18-lt\cxx-framework\src\traditional\math\fxd1616u.c
                 FXD3232U   0x0198aa    program     extern E:\3.46\pic18-lt\cxx-framework\src\traditional\math\fxd3232u.c
                 FXM1616S   0x0186e6    program     extern E:\3.46\pic18-lt\cxx-framework\src\traditional\math\fxm1616s.asm
                 FXM1616U   0x018740    program     extern E:\3.46\pic18-lt\cxx-framework\src\traditional\math\fxm1616u.asm
                  FXM3232   0x019740    program     extern E:\3.46\pic18-lt\cxx-framework\src\traditional\math\fxm3232.c
           FileObjectCopy   0x0058ba    program     extern E:\Mestrado\06 - Tese\02 - Firmware\Bitemeter V01 R01.X\MDD_File_System\FSIO.c
         Fill_File_Object   0x00409a    program     extern E:\Mestrado\06 - Tese\02 - Firmware\Bitemeter V01 R01.X\MDD_File_System\FSIO.c
         FindEmptyEntries   0x002e8a    program     extern E:\Mestrado\06 - Tese\02 - Firmware\Bitemeter V01 R01.X\MDD_File_System\FSIO.c
                FindFirst   0x00ea00    program     extern E:\Mestrado\06 - Tese\02 - Firmware\Bitemeter V01 R01.X\MDD_File_System\FSIO.c
             FindFirstpgm   0x0087f8    program     extern E:\Mestrado\06 - Tese\02 - Firmware\Bitemeter V01 R01.X\MDD_File_System\FSIO.c
                 FindNext   0x00f174    program     extern E:\Mestrado\06 - Tese\02 - Firmware\Bitemeter V01 R01.X\MDD_File_System\FSIO.c
            FormatDirName   0x007778    program     extern E:\Mestrado\06 - Tese\02 - Firmware\Bitemeter V01 R01.X\MDD_File_System\FSIO.c
           FormatFileName   0x00719c    program     extern E:\Mestrado\06 - Tese\02 - Firmware\Bitemeter V01 R01.X\MDD_File_System\FSIO.c
     GetFullClusterNumber   0x001ede    program     extern E:\Mestrado\06 - Tese\02 - Firmware\Bitemeter V01 R01.X\MDD_File_System\FSIO.c
         GetPreviousEntry   0x00ba60    program     extern E:\Mestrado\06 - Tese\02 - Firmware\Bitemeter V01 R01.X\MDD_File_System\FSIO.c
                  INT3216   0x01877c    program     extern E:\3.46\pic18-lt\cxx-framework\src\traditional\math\castFP16.asm
          InitSPISlowMode   0x0142b8    program     extern E:\Mestrado\06 - Tese\02 - Firmware\Bitemeter V01 R01.X\MDD_File_System\SD-SPI.c
          LeituraAmostras   0x00f80c    program     extern E:\Mestrado\06 - Tese\02 - Firmware\Bitemeter V01 R01.X\Leituras.c
           LoadBootSector   0x001392    program     extern E:\Mestrado\06 - Tese\02 - Firmware\Bitemeter V01 R01.X\MDD_File_System\FSIO.c
            LoadDirAttrib   0x004562    program     extern E:\Mestrado\06 - Tese\02 - Firmware\Bitemeter V01 R01.X\MDD_File_System\FSIO.c
                  LoadMBR   0x000f88    program     extern E:\Mestrado\06 - Tese\02 - Firmware\Bitemeter V01 R01.X\MDD_File_System\FSIO.c
 MDD_SDSPI_AsyncReadTasks   0x0135fe    program     extern E:\Mestrado\06 - Tese\02 - Firmware\Bitemeter V01 R01.X\MDD_File_System\SD-SPI.c
MDD_SDSPI_AsyncWriteTasks   0x013a5a    program     extern E:\Mestrado\06 - Tese\02 - Firmware\Bitemeter V01 R01.X\MDD_File_System\SD-SPI.c
         MDD_SDSPI_InitIO   0x012dd4    program     extern E:\Mestrado\06 - Tese\02 - Firmware\Bitemeter V01 R01.X\MDD_File_System\SD-SPI.c
    MDD_SDSPI_MediaDetect   0x012da6    program     extern E:\Mestrado\06 - Tese\02 - Firmware\Bitemeter V01 R01.X\MDD_File_System\SD-SPI.c
MDD_SDSPI_MediaInitialize   0x0142c4    program     extern E:\Mestrado\06 - Tese\02 - Firmware\Bitemeter V01 R01.X\MDD_File_System\SD-SPI.c
   MDD_SDSPI_ReadCapacity   0x012dc0    program     extern E:\Mestrado\06 - Tese\02 - Firmware\Bitemeter V01 R01.X\MDD_File_System\SD-SPI.c
      MDD_SDSPI_ReadMedia   0x014144    program     extern E:\Mestrado\06 - Tese\02 - Firmware\Bitemeter V01 R01.X\MDD_File_System\SD-SPI.c
 MDD_SDSPI_ReadSectorSize   0x012db4    program     extern E:\Mestrado\06 - Tese\02 - Firmware\Bitemeter V01 R01.X\MDD_File_System\SD-SPI.c
     MDD_SDSPI_SectorRead   0x013530    program     extern E:\Mestrado\06 - Tese\02 - Firmware\Bitemeter V01 R01.X\MDD_File_System\SD-SPI.c
    MDD_SDSPI_SectorWrite   0x013fb4    program     extern E:\Mestrado\06 - Tese\02 - Firmware\Bitemeter V01 R01.X\MDD_File_System\SD-SPI.c
  MDD_SDSPI_ShutdownMedia   0x012dde    program     extern E:\Mestrado\06 - Tese\02 - Firmware\Bitemeter V01 R01.X\MDD_File_System\SD-SPI.c
MDD_SDSPI_WriteProtectState   0x014068    program     extern E:\Mestrado\06 - Tese\02 - Firmware\Bitemeter V01 R01.X\MDD_File_System\SD-SPI.c
               Open1USART   0x0196ce    program     extern E:\3.46\pic18-lt\cxx-framework\src\pmc_common\USART\u1open.c
                  OpenADC   0x019406    program     extern E:\3.46\pic18-lt\cxx-framework\src\pmc_common\ADC\adcopen.c
                 OpenSPIM   0x014174    program     extern E:\Mestrado\06 - Tese\02 - Firmware\Bitemeter V01 R01.X\MDD_File_System\SD-SPI.c
               OpenTimer0   0x0199b0    program     extern E:\3.46\pic18-lt\cxx-framework\src\pmc_common\Timers\t0open.c
PIC18_Optimized_SPI_Read_Packet   0x0139f2    program     static E:\Mestrado\06 - Tese\02 - Firmware\Bitemeter V01 R01.X\MDD_File_System\SD-SPI.c
PIC18_Optimized_SPI_Write_Packet   0x013f54    program     static E:\Mestrado\06 - Tese\02 - Firmware\Bitemeter V01 R01.X\MDD_File_System\SD-SPI.c
     ParametrosCalibracao   0x012a1a    program     extern E:\Mestrado\06 - Tese\02 - Firmware\Bitemeter V01 R01.X\Leituras.c
                 PiscaLed   0x01584c    program     extern E:\Mestrado\06 - Tese\02 - Firmware\Bitemeter V01 R01.X\main.c
       PiscaLedAguardando   0x0127e2    program     extern E:\Mestrado\06 - Tese\02 - Firmware\Bitemeter V01 R01.X\Leituras.c
          PopulateEntries   0x0031b0    program     extern E:\Mestrado\06 - Tese\02 - Firmware\Bitemeter V01 R01.X\MDD_File_System\FSIO.c
           RTCC_Configura   0x016352    program     extern E:\Mestrado\06 - Tese\02 - Firmware\Bitemeter V01 R01.X\main.c
               Read1USART   0x01993a    program     extern E:\3.46\pic18-lt\cxx-framework\src\pmc_common\USART\u1read.c
                  ReadADC   0x019b9a    program     extern E:\3.46\pic18-lt\cxx-framework\src\pmc_common\ADC\adcread.c
                  ReadFAT   0x0088ae    program     extern E:\Mestrado\06 - Tese\02 - Firmware\Bitemeter V01 R01.X\MDD_File_System\FSIO.c
                ReadFlash   0x019544    program     extern E:\3.46\pic18-lt\cxx-framework\src\pmc_common\Flash\ReadFlash.c
          ReadMediaManual   0x01422a    program     extern E:\Mestrado\06 - Tese\02 - Firmware\Bitemeter V01 R01.X\MDD_File_System\SD-SPI.c
            RtccInitClock   0x019b68    program     extern E:\3.46\pic18-lt\cxx-framework\src\pmc_common\rtcc\RTCCInitClock.c
         RtccReadTimeDate   0x019282    program     extern E:\3.46\pic18-lt\cxx-framework\src\pmc_common\rtcc\RtccReadTimeDate.c
                 RtccWrOn   0x0199e8    program     extern E:\3.46\pic18-lt\cxx-framework\src\pmc_common\rtcc\RtccWrOn.c
        RtccWriteTimeDate   0x018fc8    program     extern E:\3.46\pic18-lt\cxx-framework\src\pmc_common\rtcc\RtccWriteTimeDate.c
SDCardConvFloatStrMaiorValor   0x016046    program     extern E:\Mestrado\06 - Tese\02 - Firmware\Bitemeter V01 R01.X\main.c
  SDCardConvFloatStrMedia   0x0161cc    program     extern E:\Mestrado\06 - Tese\02 - Firmware\Bitemeter V01 R01.X\main.c
SDCardConvFloatStrMenorValor   0x015ec0    program     extern E:\Mestrado\06 - Tese\02 - Firmware\Bitemeter V01 R01.X\main.c
   SDCardConvFloatStrTemp   0x016666    program     extern E:\Mestrado\06 - Tese\02 - Firmware\Bitemeter V01 R01.X\main.c
         SDCardGravaDados   0x017774    program     extern E:\Mestrado\06 - Tese\02 - Firmware\Bitemeter V01 R01.X\SDCard.c
         SDCardGravaLista   0x017bbc    program     extern E:\Mestrado\06 - Tese\02 - Firmware\Bitemeter V01 R01.X\SDCard.c
          SDCardLeArquivo   0x0173aa    program     extern E:\Mestrado\06 - Tese\02 - Firmware\Bitemeter V01 R01.X\SDCard.c
           SDCardPresente   0x017352    program     extern E:\Mestrado\06 - Tese\02 - Firmware\Bitemeter V01 R01.X\SDCard.c
   SDCardSistemaDeArquivo   0x0175a6    program     extern E:\Mestrado\06 - Tese\02 - Firmware\Bitemeter V01 R01.X\SDCard.c
             SRAMInitHeap   0x0180d6    program     extern E:\Mestrado\06 - Tese\02 - Firmware\Bitemeter V01 R01.X\MDD_File_System\salloc.c
                SRAMalloc   0x017e1c    program     extern E:\Mestrado\06 - Tese\02 - Firmware\Bitemeter V01 R01.X\MDD_File_System\salloc.c
                 SRAMfree   0x01809e    program     extern E:\Mestrado\06 - Tese\02 - Firmware\Bitemeter V01 R01.X\MDD_File_System\salloc.c
               SendMMCCmd   0x012dea    program     extern E:\Mestrado\06 - Tese\02 - Firmware\Bitemeter V01 R01.X\MDD_File_System\SD-SPI.c
         SendMMCCmdManual   0x013192    program     extern E:\Mestrado\06 - Tese\02 - Firmware\Bitemeter V01 R01.X\MDD_File_System\SD-SPI.c
               SetChanADC   0x019a78    program     extern E:\3.46\pic18-lt\cxx-framework\src\pmc_common\ADC\adcsetch.c
             SetClockVars   0x003552    program     extern E:\Mestrado\06 - Tese\02 - Firmware\Bitemeter V01 R01.X\MDD_File_System\FSIO.c
           StatusLeituras   0x00f804    program     extern E:\Mestrado\06 - Tese\02 - Firmware\Bitemeter V01 R01.X\Leituras.c
                  TAEQB32   0x0187da    program     extern E:\3.46\pic18-lt\cxx-framework\src\traditional\math\eqFP.asm
                  TAGTB32   0x0187e8    program     extern E:\3.46\pic18-lt\cxx-framework\src\traditional\math\gtFP.asm
                  TALTB32   0x0187fa    program     extern E:\3.46\pic18-lt\cxx-framework\src\traditional\math\ltFP.asm
               TSIGN1616A   0x018732    program     static E:\3.46\pic18-lt\cxx-framework\src\traditional\math\fxm1616s.asm
       TensaoDeReferencia   0x01594a    program     extern E:\Mestrado\06 - Tese\02 - Firmware\Bitemeter V01 R01.X\main.c
Tratamento_High_Interrupt   0x0108c8    program     extern E:\Mestrado\06 - Tese\02 - Firmware\Bitemeter V01 R01.X\Leituras.c
 Tratamento_Low_Interrupt   0x01572e    program     extern E:\Mestrado\06 - Tese\02 - Firmware\Bitemeter V01 R01.X\main.c
            ValidateChars   0x007b80    program     extern E:\Mestrado\06 - Tese\02 - Firmware\Bitemeter V01 R01.X\MDD_File_System\FSIO.c
              Write1USART   0x019a4a    program     extern E:\3.46\pic18-lt\cxx-framework\src\pmc_common\USART\u1write.c
          WriteBytesFlash   0x018dea    program     extern E:\3.46\pic18-lt\cxx-framework\src\pmc_common\Flash\WriteBytesFlash.c
                 WriteFAT   0x009326    program     extern E:\Mestrado\06 - Tese\02 - Firmware\Bitemeter V01 R01.X\MDD_File_System\FSIO.c
                WriteSPIM   0x014106    program     extern E:\Mestrado\06 - Tese\02 - Firmware\Bitemeter V01 R01.X\MDD_File_System\SD-SPI.c
           WriteSPIManual   0x0141a4    program     extern E:\Mestrado\06 - Tese\02 - Firmware\Bitemeter V01 R01.X\MDD_File_System\SD-SPI.c
              WriteTimer0   0x019978    program     extern E:\3.46\pic18-lt\cxx-framework\src\pmc_common\Timers\t0write.c
         Write_File_Entry   0x001fd6    program     extern E:\Mestrado\06 - Tese\02 - Firmware\Bitemeter V01 R01.X\MDD_File_System\FSIO.c
                  _14jEnd   0x018bca    program     static E:\3.46\pic18-lt\cxx-framework\src\traditional\stdclib\atol.asm
              _2jContinue   0x01916a    program     static E:\3.46\pic18-lt\cxx-framework\src\traditional\stdclib\memset.asm
                   _2jEnd   0x01926c    program     static E:\3.46\pic18-lt\cxx-framework\src\traditional\stdclib\slenpgm.asm
                   _3jEnd   0x019174    program     static E:\3.46\pic18-lt\cxx-framework\src\traditional\stdclib\memset.asm
              _4jContinue   0x019210    program     static E:\3.46\pic18-lt\cxx-framework\src\traditional\stdclib\strncpy.asm
                   _5jEnd   0x01921a    program     static E:\3.46\pic18-lt\cxx-framework\src\traditional\stdclib\strncpy.asm
       _D10KTCYXCODE_0010   0x019a2c    program     static E:\3.46\pic18-lt\cxx-framework\src\traditional\delays\d10ktcyx.asm
       _D10KTCYXCODE_001C   0x019a38    program     static E:\3.46\pic18-lt\cxx-framework\src\traditional\delays\d10ktcyx.asm
                 _Low_ISR   0x000018    program     extern E:\Mestrado\06 - Tese\02 - Firmware\Bitemeter V01 R01.X\main.c
               _SRAMmerge   0x0181ec    program     extern E:\Mestrado\06 - Tese\02 - Firmware\Bitemeter V01 R01.X\MDD_File_System\salloc.c
              __FpCompare   0x01880c    program     extern E:\3.46\pic18-lt\cxx-framework\src\traditional\math\compFP.asm
                 __FpExit   0x0188c2    program     extern E:\3.46\pic18-lt\cxx-framework\src\traditional\math\packFP.asm
                 __FpPack   0x0188ee    program     extern E:\3.46\pic18-lt\cxx-framework\src\traditional\math\packFP.asm
            __FpReturnNaN   0x0188b6    program     extern E:\3.46\pic18-lt\cxx-framework\src\traditional\math\packFP.asm
         __FpReturnNegInf   0x0188c8    program     extern E:\3.46\pic18-lt\cxx-framework\src\traditional\math\packFP.asm
        __FpReturnNegZero   0x0188e0    program     extern E:\3.46\pic18-lt\cxx-framework\src\traditional\math\packFP.asm
         __FpReturnPosInf   0x0188ce    program     extern E:\3.46\pic18-lt\cxx-framework\src\traditional\math\packFP.asm
        __FpReturnPosZero   0x0188e8    program     extern E:\3.46\pic18-lt\cxx-framework\src\traditional\math\packFP.asm
        __FpReturnSignInf   0x0188c4    program     extern E:\3.46\pic18-lt\cxx-framework\src\traditional\math\packFP.asm
       __FpReturnSignZero   0x0188dc    program     extern E:\3.46\pic18-lt\cxx-framework\src\traditional\math\packFP.asm
              __FpReturnW   0x018946    program     extern E:\3.46\pic18-lt\cxx-framework\src\traditional\math\packFP.asm
              __FpUnPackA   0x018966    program     extern E:\3.46\pic18-lt\cxx-framework\src\traditional\math\UnpackFP.asm
              __FpUnPackB   0x018996    program     extern E:\3.46\pic18-lt\cxx-framework\src\traditional\math\UnpackFP.asm
      ___case_49_lbl00038   0x015330    program     static                          
      ___case_50_lbl00039   0x015334    program     static                          
      ___case_51_lbl00045   0x015400    program     static                          
      ___case_52_lbl00051   0x0154cc    program     static                          
      ___case_53_lbl00053   0x01567a    program     static                          
      ___case_54_lbl00055   0x0156f2    program     static                          
      ___case_55_lbl00056   0x0156f8    program     static                          
      ___case_56_lbl00057   0x015702    program     static                          
      ___default_lbl00058   0x01570c    program     static                          
      ___default_lbl00774   0x00a8ac    program     static                          
           ___do_lbl00162   0x001430    program     static                          
         ___else_lbl00017   0x014e60    program     static                          
         ___else_lbl00020   0x014e82    program     static                          
          ___for_lbl00040   0x0153a6    program     static                          
          ___for_lbl00041   0x0153ac    program     static                          
          ___for_lbl00044   0x01535e    program     static                          
          ___for_lbl00046   0x015472    program     static                          
          ___for_lbl00047   0x015478    program     static                          
          ___for_lbl00050   0x01542a    program     static                          
          ___for_lbl00626   0x0085e0    program     static                          
          ___for_lbl00627   0x0085e6    program     static                          
          ___for_lbl00628   0x0085b0    program     static                          
          ___for_lbl00639   0x0087c8    program     static                          
          ___for_lbl00640   0x0087ce    program     static                          
          ___for_lbl00641   0x008798    program     static                          
          ___for_lbl00643   0x00885a    program     static                          
          ___for_lbl00644   0x008860    program     static                          
          ___for_lbl00645   0x00882a    program     static                          
           ___if_lbl00005   0x018f32    program     static                          
           ___if_lbl00006   0x018f54    program     static                          
           ___if_lbl00007   0x018f6c    program     static                          
           ___if_lbl00009   0x014c50    program     static                          
           ___if_lbl00013   0x014c88    program     static                          
           ___if_lbl00016   0x014e76    program     static                          
           ___if_lbl00018   0x014e76    program     static                          
           ___if_lbl00019   0x014ea4    program     static                          
           ___if_lbl00021   0x014ea8    program     static                          
           ___if_lbl00023   0x014ee2    program     static                          
           ___if_lbl00024   0x015036    program     static                          
           ___if_lbl00025   0x015206    program     static                          
           ___if_lbl00026   0x01523e    program     static                          
           ___if_lbl00029   0x015288    program     static                          
           ___if_lbl00030   0x0152a4    program     static                          
           ___if_lbl00031   0x0152a4    program     static                          
           ___if_lbl00033   0x0152c2    program     static                          
           ___if_lbl00034   0x0152ca    program     static                          
           ___if_lbl00035   0x0152d6    program     static                          
           ___if_lbl00036   0x0152ee    program     static                          
           ___if_lbl00052   0x0156ac    program     static                          
           ___if_lbl00054   0x0156f0    program     static                          
           ___if_lbl00059   0x01570e    program     static                          
           ___if_lbl00068   0x0139fc    program     static                          
           ___if_lbl00100   0x013f5e    program     static                          
           ___if_lbl00141   0x0126ce    program     static                          
           ___if_lbl00143   0x0126da    program     static                          
           ___if_lbl00144   0x0126dc    program     static                          
           ___if_lbl00163   0x001eb0    program     static                          
           ___if_lbl01078   0x00e690    program     static                          
       ___return_lbl00000   0x0195be    program     static                          
       ___return_lbl00000   0x019a0c    program     static                          
       ___return_lbl00000   0x019b66    program     static                          
       ___return_lbl00000   0x019ad0    program     static                          
       ___return_lbl00000   0x019b98    program     static                          
       ___return_lbl00000   0x0198f0    program     static                          
       ___return_lbl00000   0x0197ae    program     static                          
       ___return_lbl00000   0x015716    program     static                          
       ___return_lbl00000   0x018fb0    program     static                          
       ___return_lbl00000   0x000004    program     static                          
       ___return_lbl00001   0x019b2e    program     static                          
       ___return_lbl00002   0x019542    program     static                          
       ___return_lbl00067   0x013a58    program     static                          
       ___return_lbl00099   0x013fb2    program     static                          
       ___return_lbl00112   0x0140ea    program     static                          
       ___return_lbl00135   0x00001c    program     static                          
       ___return_lbl00157   0x00000c    program     static                          
       ___return_lbl00361   0x005544    program     static                          
       ___return_lbl00625   0x008608    program     static                          
       ___return_lbl00638   0x0087e0    program     static                          
       ___return_lbl00642   0x008896    program     static                          
       ___return_lbl00680   0x009df2    program     static                          
       ___return_lbl00722   0x00ad30    program     static                          
       ___return_lbl00805   0x00ba48    program     static                          
       ___return_lbl00879   0x00ce72    program     static                          
       ___return_lbl01008   0x00e850    program     static                          
   ___switchexit_lbl00037   0x01570e    program     static                          
        ___while_lbl00001   0x018ed4    program     static                          
        ___while_lbl00001   0x014c12    program     static                          
        ___while_lbl00001   0x01958c    program     static                          
        ___while_lbl00002   0x015716    program     static                          
        ___while_lbl00002   0x0195be    program     static                          
        ___while_lbl00002   0x018fb0    program     static                          
        ___while_lbl00003   0x014c1c    program     static                          
        ___while_lbl00003   0x018ef8    program     static                          
        ___while_lbl00004   0x015712    program     static                          
        ___while_lbl00004   0x018f34    program     static                          
        ___while_lbl00007   0x014c42    program     static                          
        ___while_lbl00008   0x014c46    program     static                          
        ___while_lbl00011   0x014c7a    program     static                          
        ___while_lbl00012   0x014c7e    program     static                          
        ___while_lbl00042   0x015378    program     static                          
        ___while_lbl00043   0x01537c    program     static                          
        ___while_lbl00048   0x015444    program     static                          
        ___while_lbl00049   0x015448    program     static                          
        ___while_lbl00101   0x013f98    program     static                          
        ___while_lbl00102   0x013f9c    program     static                          
        ___while_lbl00113   0x01408e    program     static                          
        ___while_lbl00114   0x0140e6    program     static                          
        ___while_lbl00115   0x0140b2    program     static                          
        ___while_lbl00116   0x0140e4    program     static                          
        ___while_lbl00726   0x009fc4    program     static                          
        ___while_lbl01021   0x00da50    program     static                          
        ___while_lbl01022   0x00e690    program     static                          
               __config_0   0x01fff8    program     static E:\Mestrado\06 - Tese\02 - Firmware\Bitemeter V01 R01.X\main.c
               __config_1   0x01fff9    program     static E:\Mestrado\06 - Tese\02 - Firmware\Bitemeter V01 R01.X\main.c
               __config_2   0x01fffa    program     static E:\Mestrado\06 - Tese\02 - Firmware\Bitemeter V01 R01.X\main.c
               __config_3   0x01fffb    program     static E:\Mestrado\06 - Tese\02 - Firmware\Bitemeter V01 R01.X\main.c
               __config_4   0x01fffc    program     static E:\Mestrado\06 - Tese\02 - Firmware\Bitemeter V01 R01.X\main.c
               __config_5   0x01fffd    program     static E:\Mestrado\06 - Tese\02 - Firmware\Bitemeter V01 R01.X\main.c
               __config_6   0x01ffff    program     static E:\Mestrado\06 - Tese\02 - Firmware\Bitemeter V01 R01.X\main.c
                   __init   0x019bc4    program     extern E:\3.46\pic18-lt\cxx-framework\src\traditional\stdclib\__init.c
                   __pa_0   0x019112    program     static E:\3.46\pic18-lt\cxx-framework\src\pmc_common\rtcc\RtccWriteTimeDate.c
                   __pa_0   0x019330    program     static E:\3.46\pic18-lt\cxx-framework\src\pmc_common\rtcc\RtccReadTimeDate.c
                   __pa_0   0x017070    program     static E:\3.46\pic18-lt\cxx-framework\src\traditional\stdclib\vfprintf.c
                   __pa_1   0x017078    program     static E:\3.46\pic18-lt\cxx-framework\src\traditional\stdclib\vfprintf.c
                   __pa_1   0x019120    program     static E:\3.46\pic18-lt\cxx-framework\src\pmc_common\rtcc\RtccWriteTimeDate.c
                   __pa_1   0x01933e    program     static E:\3.46\pic18-lt\cxx-framework\src\pmc_common\rtcc\RtccReadTimeDate.c
                  __pa_10   0x01712c    program     static E:\3.46\pic18-lt\cxx-framework\src\traditional\stdclib\vfprintf.c
                  __pa_11   0x01713a    program     static E:\3.46\pic18-lt\cxx-framework\src\traditional\stdclib\vfprintf.c
                  __pa_12   0x017150    program     static E:\3.46\pic18-lt\cxx-framework\src\traditional\stdclib\vfprintf.c
                  __pa_13   0x01716a    program     static E:\3.46\pic18-lt\cxx-framework\src\traditional\stdclib\vfprintf.c
                  __pa_14   0x017182    program     static E:\3.46\pic18-lt\cxx-framework\src\traditional\stdclib\vfprintf.c
                  __pa_15   0x017192    program     static E:\3.46\pic18-lt\cxx-framework\src\traditional\stdclib\vfprintf.c
                  __pa_16   0x0171a8    program     static E:\3.46\pic18-lt\cxx-framework\src\traditional\stdclib\vfprintf.c
                  __pa_17   0x0171ba    program     static E:\3.46\pic18-lt\cxx-framework\src\traditional\stdclib\vfprintf.c
                  __pa_18   0x0171cc    program     static E:\3.46\pic18-lt\cxx-framework\src\traditional\stdclib\vfprintf.c
                  __pa_19   0x0171d6    program     static E:\3.46\pic18-lt\cxx-framework\src\traditional\stdclib\vfprintf.c
                   __pa_2   0x01912a    program     static E:\3.46\pic18-lt\cxx-framework\src\pmc_common\rtcc\RtccWriteTimeDate.c
                   __pa_2   0x017082    program     static E:\3.46\pic18-lt\cxx-framework\src\traditional\stdclib\vfprintf.c
                   __pa_2   0x019346    program     static E:\3.46\pic18-lt\cxx-framework\src\pmc_common\rtcc\RtccReadTimeDate.c
                  __pa_20   0x0171e6    program     static E:\3.46\pic18-lt\cxx-framework\src\traditional\stdclib\vfprintf.c
                  __pa_21   0x0171f6    program     static E:\3.46\pic18-lt\cxx-framework\src\traditional\stdclib\vfprintf.c
                  __pa_22   0x017206    program     static E:\3.46\pic18-lt\cxx-framework\src\traditional\stdclib\vfprintf.c
                  __pa_23   0x017212    program     static E:\3.46\pic18-lt\cxx-framework\src\traditional\stdclib\vfprintf.c
                  __pa_24   0x017220    program     static E:\3.46\pic18-lt\cxx-framework\src\traditional\stdclib\vfprintf.c
                  __pa_25   0x017228    program     static E:\3.46\pic18-lt\cxx-framework\src\traditional\stdclib\vfprintf.c
                  __pa_26   0x017232    program     static E:\3.46\pic18-lt\cxx-framework\src\traditional\stdclib\vfprintf.c
                  __pa_27   0x01723c    program     static E:\3.46\pic18-lt\cxx-framework\src\traditional\stdclib\vfprintf.c
                  __pa_28   0x017244    program     static E:\3.46\pic18-lt\cxx-framework\src\traditional\stdclib\vfprintf.c
                  __pa_29   0x017252    program     static E:\3.46\pic18-lt\cxx-framework\src\traditional\stdclib\vfprintf.c
                   __pa_3   0x019136    program     static E:\3.46\pic18-lt\cxx-framework\src\pmc_common\rtcc\RtccWriteTimeDate.c
                   __pa_3   0x019350    program     static E:\3.46\pic18-lt\cxx-framework\src\pmc_common\rtcc\RtccReadTimeDate.c
                   __pa_3   0x01708c    program     static E:\3.46\pic18-lt\cxx-framework\src\traditional\stdclib\vfprintf.c
                  __pa_30   0x01726e    program     static E:\3.46\pic18-lt\cxx-framework\src\traditional\stdclib\vfprintf.c
                  __pa_31   0x017288    program     static E:\3.46\pic18-lt\cxx-framework\src\traditional\stdclib\vfprintf.c
                  __pa_32   0x0172a2    program     static E:\3.46\pic18-lt\cxx-framework\src\traditional\stdclib\vfprintf.c
                  __pa_33   0x0172ba    program     static E:\3.46\pic18-lt\cxx-framework\src\traditional\stdclib\vfprintf.c
                  __pa_34   0x0172c4    program     static E:\3.46\pic18-lt\cxx-framework\src\traditional\stdclib\vfprintf.c
                  __pa_35   0x0172d2    program     static E:\3.46\pic18-lt\cxx-framework\src\traditional\stdclib\vfprintf.c
                  __pa_36   0x0172da    program     static E:\3.46\pic18-lt\cxx-framework\src\traditional\stdclib\vfprintf.c
                  __pa_37   0x0172e4    program     static E:\3.46\pic18-lt\cxx-framework\src\traditional\stdclib\vfprintf.c
                  __pa_38   0x0172f4    program     static E:\3.46\pic18-lt\cxx-framework\src\traditional\stdclib\vfprintf.c
                  __pa_39   0x017302    program     static E:\3.46\pic18-lt\cxx-framework\src\traditional\stdclib\vfprintf.c
                   __pa_4   0x019144    program     static E:\3.46\pic18-lt\cxx-framework\src\pmc_common\rtcc\RtccWriteTimeDate.c
                   __pa_4   0x0170a4    program     static E:\3.46\pic18-lt\cxx-framework\src\traditional\stdclib\vfprintf.c
                  __pa_40   0x01730e    program     static E:\3.46\pic18-lt\cxx-framework\src\traditional\stdclib\vfprintf.c
                  __pa_41   0x01731a    program     static E:\3.46\pic18-lt\cxx-framework\src\traditional\stdclib\vfprintf.c
                  __pa_42   0x017322    program     static E:\3.46\pic18-lt\cxx-framework\src\traditional\stdclib\vfprintf.c
                  __pa_43   0x01732c    program     static E:\3.46\pic18-lt\cxx-framework\src\traditional\stdclib\vfprintf.c
                  __pa_44   0x017332    program     static E:\3.46\pic18-lt\cxx-framework\src\traditional\stdclib\vfprintf.c
                  __pa_45   0x01733c    program     static E:\3.46\pic18-lt\cxx-framework\src\traditional\stdclib\vfprintf.c
                  __pa_46   0x017348    program     static E:\3.46\pic18-lt\cxx-framework\src\traditional\stdclib\vfprintf.c
                   __pa_5   0x0170b8    program     static E:\3.46\pic18-lt\cxx-framework\src\traditional\stdclib\vfprintf.c
                   __pa_6   0x0170d4    program     static E:\3.46\pic18-lt\cxx-framework\src\traditional\stdclib\vfprintf.c
                   __pa_7   0x0170de    program     static E:\3.46\pic18-lt\cxx-framework\src\traditional\stdclib\vfprintf.c
                   __pa_8   0x0170ea    program     static E:\3.46\pic18-lt\cxx-framework\src\traditional\stdclib\vfprintf.c
                   __pa_9   0x01710c    program     static E:\3.46\pic18-lt\cxx-framework\src\traditional\stdclib\vfprintf.c
               __string_1   0x01992f    program     static E:\Mestrado\06 - Tese\02 - Firmware\Bitemeter V01 R01.X\SDCard.c
              __string_10   0x01991b    program     static E:\Mestrado\06 - Tese\02 - Firmware\Bitemeter V01 R01.X\SDCard.c
               __string_2   0x019912    program     static E:\Mestrado\06 - Tese\02 - Firmware\Bitemeter V01 R01.X\main.c
               __string_2   0x01992d    program     static E:\Mestrado\06 - Tese\02 - Firmware\Bitemeter V01 R01.X\SDCard.c
               __string_3   0x019910    program     static E:\Mestrado\06 - Tese\02 - Firmware\Bitemeter V01 R01.X\main.c
               __string_4   0x01992b    program     static E:\Mestrado\06 - Tese\02 - Firmware\Bitemeter V01 R01.X\SDCard.c
               __string_4   0x01990e    program     static E:\Mestrado\06 - Tese\02 - Firmware\Bitemeter V01 R01.X\main.c
               __string_5   0x019905    program     static E:\Mestrado\06 - Tese\02 - Firmware\Bitemeter V01 R01.X\main.c
               __string_6   0x019901    program     static E:\Mestrado\06 - Tese\02 - Firmware\Bitemeter V01 R01.X\main.c
               __string_7   0x0198f9    program     static E:\Mestrado\06 - Tese\02 - Firmware\Bitemeter V01 R01.X\main.c
               __string_8   0x019928    program     static E:\Mestrado\06 - Tese\02 - Firmware\Bitemeter V01 R01.X\SDCard.c
               __string_8   0x0198f2    program     static E:\Mestrado\06 - Tese\02 - Firmware\Bitemeter V01 R01.X\main.c
               __string_9   0x019922    program     static E:\Mestrado\06 - Tese\02 - Firmware\Bitemeter V01 R01.X\SDCard.c
               __tmplbl_0   0x014c38    program     static                          
               __tmplbl_1   0x014c32    program     static                          
              __tmplbl_10   0x01526e    program     static                          
              __tmplbl_11   0x015246    program     static                          
              __tmplbl_12   0x01524e    program     static                          
              __tmplbl_13   0x01526c    program     static                          
              __tmplbl_14   0x0152b0    program     static                          
              __tmplbl_15   0x0152aa    program     static                          
               __tmplbl_2   0x014c2c    program     static                          
               __tmplbl_3   0x014c5c    program     static                          
              __tmplbl_30   0x014de4    program     static                          
              __tmplbl_31   0x015372    program     static                          
              __tmplbl_32   0x01543e    program     static                          
               __tmplbl_4   0x014c56    program     static                          
              __tmplbl_42   0x017206    program     static                          
              __tmplbl_43   0x01704e    program     static                          
              __tmplbl_44   0x017034    program     static                          
               __tmplbl_5   0x014ca0    program     static                          
               __tmplbl_6   0x014c98    program     static                          
               __tmplbl_7   0x014c90    program     static                          
               __tmplbl_8   0x014eb4    program     static                          
              __tmplbl_85   0x016786    program     static                          
               __tmplbl_9   0x014eae    program     static                          
            __zero_memory   0x019af4    program     extern E:\3.46\pic18-lt\cxx-framework\src\traditional\proc\p18f27j13.asm
                _do_cinit   0x0194a6    program     extern E:\3.46\pic18-lt\cxx-framework\src\traditional\startup\c018i.c
                   _entry   0x000000    program     extern E:\3.46\pic18-lt\cxx-framework\src\traditional\startup\c018i.c
                   _false   0x0198ec    program     static                          
                _high_ISR   0x000008    program     extern E:\Mestrado\06 - Tese\02 - Firmware\Bitemeter V01 R01.X\Leituras.c
                 _startup   0x019b14    program     extern E:\3.46\pic18-lt\cxx-framework\src\traditional\startup\c018i.c
              _usart_putc   0x019b30    program     extern E:\3.46\pic18-lt\cxx-framework\src\pmc_common\USART\_usartpc.asm
               _user_putc   0x019bc2    program     extern E:\3.46\pic18-lt\cxx-framework\src\traditional\stdclib\_user_putc.c
                     atoi   0x0189c2    program     extern E:\3.46\pic18-lt\cxx-framework\src\traditional\stdclib\atoi.asm
                     atol   0x018aac    program     extern E:\3.46\pic18-lt\cxx-framework\src\traditional\stdclib\atol.asm
               atraso1seg   0x0158f6    program     extern E:\Mestrado\06 - Tese\02 - Firmware\Bitemeter V01 R01.X\main.c
              atraso500ms   0x01592a    program     extern E:\Mestrado\06 - Tese\02 - Firmware\Bitemeter V01 R01.X\main.c
               baud1USART   0x019ad2    program     extern E:\3.46\pic18-lt\cxx-framework\src\pmc_common\USART\u1baud.c
              chdirhelper   0x009e9a    program     extern E:\Mestrado\06 - Tese\02 - Firmware\Bitemeter V01 R01.X\MDD_File_System\FSIO.c
                compare_l   0x019b0a    program     static E:\3.46\pic18-lt\cxx-framework\src\traditional\proc\p18f27j13.asm
      constanteReferencia   0x000006    program     extern E:\Mestrado\06 - Tese\02 - Firmware\Bitemeter V01 R01.X\Leituras.c
                copy_loop   0x019518    program     static                          
            copy_one_byte   0x01951e    program     static                          
               delay500ms   0x017dfc    program     extern E:\Mestrado\06 - Tese\02 - Firmware\Bitemeter V01 R01.X\SDCard.c
                     done   0x019542    program     static                          
             done_copying   0x01952c    program     static                          
                  endloop   0x019acc    program     static                          
                  endloop   0x019b62    program     static                          
                 eraseDir   0x00e868    program     extern E:\Mestrado\06 - Tese\02 - Firmware\Bitemeter V01 R01.X\MDD_File_System\FSIO.c
                flushData   0x0069a0    program     extern E:\Mestrado\06 - Tese\02 - Firmware\Bitemeter V01 R01.X\MDD_File_System\FSIO.c
               gets1USART   0x0197b0    program     extern E:\3.46\pic18-lt\cxx-framework\src\pmc_common\USART\u1gets.c
                  isdigit   0x0196aa    program     extern E:\3.46\pic18-lt\cxx-framework\src\traditional\stdclib\isdigit.asm
                 jANotInf   0x018462    program     static E:\3.46\pic18-lt\cxx-framework\src\traditional\math\addFP.asm
                 jANotInf   0x01862a    program     static E:\3.46\pic18-lt\cxx-framework\src\traditional\math\mulFP.asm
                 jANotInf   0x018584    program     static E:\3.46\pic18-lt\cxx-framework\src\traditional\math\divFP.asm
                 jANotNeg   0x0184f6    program     static E:\3.46\pic18-lt\cxx-framework\src\traditional\math\addFP.asm
                jANotZero   0x018598    program     static E:\3.46\pic18-lt\cxx-framework\src\traditional\math\divFP.asm
              jAandWsetup   0x0184c6    program     static E:\3.46\pic18-lt\cxx-framework\src\traditional\math\addFP.asm
                  jAisNeg   0x018888    program     static E:\3.46\pic18-lt\cxx-framework\src\traditional\math\compFP.asm
                 jAltBexp   0x0184b4    program     static E:\3.46\pic18-lt\cxx-framework\src\traditional\math\addFP.asm
                jBANotInf   0x018458    program     static E:\3.46\pic18-lt\cxx-framework\src\traditional\math\addFP.asm
                 jBNotInf   0x018470    program     static E:\3.46\pic18-lt\cxx-framework\src\traditional\math\addFP.asm
              jBothFinite   0x018638    program     static E:\3.46\pic18-lt\cxx-framework\src\traditional\math\mulFP.asm
             jBothNotZero   0x018644    program     static E:\3.46\pic18-lt\cxx-framework\src\traditional\math\mulFP.asm
             jBothNotZero   0x01882a    program     static E:\3.46\pic18-lt\cxx-framework\src\traditional\math\compFP.asm
            jDifOrPosSign   0x018484    program     static E:\3.46\pic18-lt\cxx-framework\src\traditional\math\addFP.asm
                      jEQ   0x018846    program     static E:\3.46\pic18-lt\cxx-framework\src\traditional\math\compFP.asm
                     jEnd   0x018bca    program     static E:\3.46\pic18-lt\cxx-framework\src\traditional\stdclib\atol.asm
                     jEnd   0x01917c    program     static E:\3.46\pic18-lt\cxx-framework\src\traditional\stdclib\memset.asm
                     jEnd   0x0191da    program     static E:\3.46\pic18-lt\cxx-framework\src\traditional\stdclib\strlen.asm
                     jEnd   0x019226    program     static E:\3.46\pic18-lt\cxx-framework\src\traditional\stdclib\strncpy.asm
                     jEnd   0x01926e    program     static E:\3.46\pic18-lt\cxx-framework\src\traditional\stdclib\slenpgm.asm
                     jEnd   0x018a80    program     static E:\3.46\pic18-lt\cxx-framework\src\traditional\stdclib\atoi.asm
                 jEndLoop   0x018b9a    program     static E:\3.46\pic18-lt\cxx-framework\src\traditional\stdclib\atol.asm
                 jEndLoop   0x018a68    program     static E:\3.46\pic18-lt\cxx-framework\src\traditional\stdclib\atoi.asm
                    jExch   0x018852    program     static E:\3.46\pic18-lt\cxx-framework\src\traditional\math\compFP.asm
                    jExit   0x0187d8    program     static E:\3.46\pic18-lt\cxx-framework\src\traditional\math\castFP16.asm
                   jExpEQ   0x018898    program     static E:\3.46\pic18-lt\cxx-framework\src\traditional\math\compFP.asm
                   jFinal   0x01887c    program     static E:\3.46\pic18-lt\cxx-framework\src\traditional\math\compFP.asm
               jFinalSign   0x01855e    program     static E:\3.46\pic18-lt\cxx-framework\src\traditional\math\addFP.asm
                jHaveZero   0x018640    program     static E:\3.46\pic18-lt\cxx-framework\src\traditional\math\mulFP.asm
                jI2F16Beg   0x018422    program     static E:\3.46\pic18-lt\cxx-framework\src\traditional\math\cast16FP.asm
                    jLoop   0x0187b8    program     static E:\3.46\pic18-lt\cxx-framework\src\traditional\math\castFP16.asm
                    jLoop   0x0185c0    program     static E:\3.46\pic18-lt\cxx-framework\src\traditional\math\divFP.asm
                    jLoop   0x018a1a    program     static E:\3.46\pic18-lt\cxx-framework\src\traditional\stdclib\atoi.asm
                    jLoop   0x019256    program     static E:\3.46\pic18-lt\cxx-framework\src\traditional\stdclib\slenpgm.asm
                    jLoop   0x019204    program     static E:\3.46\pic18-lt\cxx-framework\src\traditional\stdclib\strncpy.asm
                    jLoop   0x0191d0    program     static E:\3.46\pic18-lt\cxx-framework\src\traditional\stdclib\strlen.asm
                    jLoop   0x0191a6    program     static E:\3.46\pic18-lt\cxx-framework\src\traditional\stdclib\strcpy.asm
                    jLoop   0x018b0c    program     static E:\3.46\pic18-lt\cxx-framework\src\traditional\stdclib\atol.asm
                    jLoop   0x01915e    program     static E:\3.46\pic18-lt\cxx-framework\src\traditional\stdclib\memset.asm
                jLoopExit   0x0187c8    program     static E:\3.46\pic18-lt\cxx-framework\src\traditional\math\castFP16.asm
                   jMatch   0x0196ca    program     static E:\3.46\pic18-lt\cxx-framework\src\traditional\stdclib\isdigit.asm
                     jMax   0x01878c    program     static E:\3.46\pic18-lt\cxx-framework\src\traditional\math\castFP16.asm
                  jMaxNeg   0x01879a    program     static E:\3.46\pic18-lt\cxx-framework\src\traditional\math\castFP16.asm
                  jMaxPos   0x018790    program     static E:\3.46\pic18-lt\cxx-framework\src\traditional\math\castFP16.asm
                      jNE   0x01884a    program     static E:\3.46\pic18-lt\cxx-framework\src\traditional\math\compFP.asm
                    jNext   0x0185e6    program     static E:\3.46\pic18-lt\cxx-framework\src\traditional\math\divFP.asm
                jNoAdjust   0x0185e4    program     static E:\3.46\pic18-lt\cxx-framework\src\traditional\math\divFP.asm
                  jNoExch   0x018872    program     static E:\3.46\pic18-lt\cxx-framework\src\traditional\math\compFP.asm
                 jNoMatch   0x0196a8    program     static E:\3.46\pic18-lt\cxx-framework\src\traditional\stdclib\toupper.asm
                 jNoMatch   0x019680    program     static E:\3.46\pic18-lt\cxx-framework\src\traditional\stdclib\tolower.asm
                 jNoMatch   0x0196cc    program     static E:\3.46\pic18-lt\cxx-framework\src\traditional\stdclib\isdigit.asm
             jNotBothZero   0x018488    program     static E:\3.46\pic18-lt\cxx-framework\src\traditional\math\addFP.asm
                  jNotInf   0x0187a8    program     static E:\3.46\pic18-lt\cxx-framework\src\traditional\math\castFP16.asm
                  jPkLoop   0x0188fc    program     static E:\3.46\pic18-lt\cxx-framework\src\traditional\math\packFP.asm
             jPkRoundDone   0x018946    program     static E:\3.46\pic18-lt\cxx-framework\src\traditional\math\packFP.asm
               jPkRoundIt   0x01892e    program     static E:\3.46\pic18-lt\cxx-framework\src\traditional\math\packFP.asm
             jPkShiftDone   0x018918    program     static E:\3.46\pic18-lt\cxx-framework\src\traditional\math\packFP.asm
           jReturnPosInf0   0x0188d2    program     static E:\3.46\pic18-lt\cxx-framework\src\traditional\math\packFP.asm
                  jRotate   0x0188a4    program     static E:\3.46\pic18-lt\cxx-framework\src\traditional\math\compFP.asm
                   jShift   0x01888e    program     static E:\3.46\pic18-lt\cxx-framework\src\traditional\math\compFP.asm
               jShiftDone   0x01851e    program     static E:\3.46\pic18-lt\cxx-framework\src\traditional\math\addFP.asm
               jShiftLoop   0x018510    program     static E:\3.46\pic18-lt\cxx-framework\src\traditional\math\addFP.asm
                jSignDone   0x01854e    program     static E:\3.46\pic18-lt\cxx-framework\src\traditional\math\addFP.asm
              jSignedZero   0x01858e    program     static E:\3.46\pic18-lt\cxx-framework\src\traditional\math\divFP.asm
                 jSignsEQ   0x01882e    program     static E:\3.46\pic18-lt\cxx-framework\src\traditional\math\compFP.asm
                  jSkipWS   0x018ae2    program     static E:\3.46\pic18-lt\cxx-framework\src\traditional\stdclib\atol.asm
                  jSkipWS   0x0189f0    program     static E:\3.46\pic18-lt\cxx-framework\src\traditional\stdclib\atoi.asm
                 jSkipWS1   0x018a02    program     static E:\3.46\pic18-lt\cxx-framework\src\traditional\stdclib\atoi.asm
                 jSkipWS1   0x018af4    program     static E:\3.46\pic18-lt\cxx-framework\src\traditional\stdclib\atol.asm
                 jTstSign   0x018a06    program     static E:\3.46\pic18-lt\cxx-framework\src\traditional\stdclib\atoi.asm
                 jTstSign   0x018af8    program     static E:\3.46\pic18-lt\cxx-framework\src\traditional\stdclib\atol.asm
                jTstSign1   0x018b04    program     static E:\3.46\pic18-lt\cxx-framework\src\traditional\stdclib\atol.asm
                jTstSign1   0x018a12    program     static E:\3.46\pic18-lt\cxx-framework\src\traditional\stdclib\atoi.asm
                jTstSign2   0x018a18    program     static E:\3.46\pic18-lt\cxx-framework\src\traditional\stdclib\atoi.asm
                jTstSign2   0x018b0a    program     static E:\3.46\pic18-lt\cxx-framework\src\traditional\stdclib\atol.asm
                jTstSign3   0x018b0c    program     static E:\3.46\pic18-lt\cxx-framework\src\traditional\stdclib\atol.asm
                jTstSign3   0x018a1a    program     static E:\3.46\pic18-lt\cxx-framework\src\traditional\stdclib\atoi.asm
                  jUnpkA1   0x018970    program     static E:\3.46\pic18-lt\cxx-framework\src\traditional\math\UnpackFP.asm
                  jUnpkA2   0x018988    program     static E:\3.46\pic18-lt\cxx-framework\src\traditional\math\UnpackFP.asm
                 jUnpkANZ   0x01897e    program     static E:\3.46\pic18-lt\cxx-framework\src\traditional\math\UnpackFP.asm
                  jUnpkB1   0x0189a0    program     static E:\3.46\pic18-lt\cxx-framework\src\traditional\math\UnpackFP.asm
                  jUnpkB2   0x0189b8    program     static E:\3.46\pic18-lt\cxx-framework\src\traditional\math\UnpackFP.asm
                 jUnpkBNZ   0x0189ae    program     static E:\3.46\pic18-lt\cxx-framework\src\traditional\math\UnpackFP.asm
                 jUnpkNaN   0x018992    program     static E:\3.46\pic18-lt\cxx-framework\src\traditional\math\UnpackFP.asm
                 jWNotNeg   0x01850a    program     static E:\3.46\pic18-lt\cxx-framework\src\traditional\math\addFP.asm
                    jZero   0x0187a2    program     static E:\3.46\pic18-lt\cxx-framework\src\traditional\math\castFP16.asm
               jZero1and2   0x0188d6    program     static E:\3.46\pic18-lt\cxx-framework\src\traditional\math\packFP.asm
                     loop   0x019b24    program     static                          
                     loop   0x0198b8    program     static                          
                     loop   0x019ab0    program     static                          
                     loop   0x019b54    program     static                          
                     loop   0x019b40    program     static E:\3.46\pic18-lt\cxx-framework\src\pmc_common\USART\_usartpc.asm
                   loop_h   0x019b02    program     static E:\3.46\pic18-lt\cxx-framework\src\traditional\proc\p18f27j13.asm
                   loop_l   0x019b0c    program     static E:\3.46\pic18-lt\cxx-framework\src\traditional\proc\p18f27j13.asm
                     main   0x014baa    program     extern E:\Mestrado\06 - Tese\02 - Firmware\Bitemeter V01 R01.X\main.c
                   memset   0x01914a    program     extern E:\3.46\pic18-lt\cxx-framework\src\traditional\stdclib\memset.asm
              mkdirhelper   0x00c078    program     extern E:\Mestrado\06 - Tese\02 - Firmware\Bitemeter V01 R01.X\MDD_File_System\FSIO.c
                  pow2x16   0x019b84    program     extern E:\3.46\pic18-lt\cxx-framework\src\traditional\math\pow2x16.c
                     putc   0x0195d6    program     extern E:\3.46\pic18-lt\cxx-framework\src\traditional\stdclib\putc.c
               puts1USART   0x01985e    program     extern E:\3.46\pic18-lt\cxx-framework\src\pmc_common\USART\u1puts.c
              rmdirhelper   0x00d6ac    program     extern E:\Mestrado\06 - Tese\02 - Firmware\Bitemeter V01 R01.X\MDD_File_System\FSIO.c
                 s_digits   0x019bac    program     static E:\3.46\pic18-lt\cxx-framework\src\traditional\stdclib\vfprintf.c
            s_put_n_chars   0x016730    program     static E:\3.46\pic18-lt\cxx-framework\src\traditional\stdclib\vfprintf.c
           sdmmc_cmdtable   0x01980e    program     extern E:\Mestrado\06 - Tese\02 - Firmware\Bitemeter V01 R01.X\MDD_File_System\SD-SPI.c
                  sprintf   0x01935a    program     extern E:\3.46\pic18-lt\cxx-framework\src\traditional\stdclib\sprintf.c
                   strcpy   0x01917e    program     extern E:\3.46\pic18-lt\cxx-framework\src\traditional\stdclib\strcpy.asm
                   strlen   0x0191c0    program     extern E:\3.46\pic18-lt\cxx-framework\src\traditional\stdclib\strlen.asm
                strlenpgm   0x019238    program     extern E:\3.46\pic18-lt\cxx-framework\src\traditional\stdclib\slenpgm.asm
                  strncpy   0x0191dc    program     extern E:\3.46\pic18-lt\cxx-framework\src\traditional\stdclib\strncpy.asm
                     test   0x0194c0    program     static                          
                  tolower   0x01965a    program     extern E:\3.46\pic18-lt\cxx-framework\src\traditional\stdclib\tolower.asm
                  toupper   0x019682    program     extern E:\3.46\pic18-lt\cxx-framework\src\traditional\stdclib\toupper.asm
                 vfprintf   0x01675c    program     extern E:\3.46\pic18-lt\cxx-framework\src\traditional\stdclib\vfprintf.c
          writeDotEntries   0x00d204    program     extern E:\Mestrado\06 - Tese\02 - Firmware\Bitemeter V01 R01.X\MDD_File_System\FSIO.c
               zero_block   0x019b02    program     static E:\3.46\pic18-lt\cxx-framework\src\traditional\proc\p18f27j13.asm
                   ADCON0   0x000fc2       data     extern E:\3.46\pic18-lt\cxx-framework\src\traditional\proc\p18f27j13.asm
               ADCON0bits   0x000fc2       data     extern E:\3.46\pic18-lt\cxx-framework\src\traditional\proc\p18f27j13.asm
                   ADCON1   0x000fc1       data     extern E:\3.46\pic18-lt\cxx-framework\src\traditional\proc\p18f27j13.asm
               ADCON1bits   0x000fc1       data     extern E:\3.46\pic18-lt\cxx-framework\src\traditional\proc\p18f27j13.asm
                  ADCTRIG   0x000eb8       data     extern E:\3.46\pic18-lt\cxx-framework\src\traditional\proc\p18f27j13.asm
              ADCTRIGbits   0x000eb8       data     extern E:\3.46\pic18-lt\cxx-framework\src\traditional\proc\p18f27j13.asm
                    ADRES   0x000fc3       data     extern E:\3.46\pic18-lt\cxx-framework\src\traditional\proc\p18f27j13.asm
                   ADRESH   0x000fc4       data     extern E:\3.46\pic18-lt\cxx-framework\src\traditional\proc\p18f27j13.asm
                   ADRESL   0x000fc3       data     extern E:\3.46\pic18-lt\cxx-framework\src\traditional\proc\p18f27j13.asm
                     ALFA   0x0000eb       data     static E:\Mestrado\06 - Tese\02 - Firmware\Bitemeter V01 R01.X\Leituras.c
                  ALRMCFG   0x000f47       data     extern E:\3.46\pic18-lt\cxx-framework\src\traditional\proc\p18f27j13.asm
              ALRMCFGbits   0x000f47       data     extern E:\3.46\pic18-lt\cxx-framework\src\traditional\proc\p18f27j13.asm
                  ALRMRPT   0x000f46       data     extern E:\3.46\pic18-lt\cxx-framework\src\traditional\proc\p18f27j13.asm
              ALRMRPTbits   0x000f46       data     extern E:\3.46\pic18-lt\cxx-framework\src\traditional\proc\p18f27j13.asm
                 ALRMVALH   0x000f45       data     extern E:\3.46\pic18-lt\cxx-framework\src\traditional\proc\p18f27j13.asm
[...]
                   EECON2   0x000fa7       data     extern E:\3.46\pic18-lt\cxx-framework\src\traditional\proc\p18f27j13.asm
               TXSTA2bits   0x000fa8       data     extern E:\3.46\pic18-lt\cxx-framework\src\traditional\proc\p18f27j13.asm
                   TXSTA2   0x000fa8       data     extern E:\3.46\pic18-lt\cxx-framework\src\traditional\proc\p18f27j13.asm
                   TXREG2   0x000fa9       data     extern E:\3.46\pic18-lt\cxx-framework\src\traditional\proc\p18f27j13.asm
                   RCREG2   0x000faa       data     extern E:\3.46\pic18-lt\cxx-framework\src\traditional\proc\p18f27j13.asm
                   SPBRG2   0x000fab       data     extern E:\3.46\pic18-lt\cxx-framework\src\traditional\proc\p18f27j13.asm
               RCSTA1bits   0x000fac       data     extern E:\3.46\pic18-lt\cxx-framework\src\traditional\proc\p18f27j13.asm
                   RCSTA1   0x000fac       data     extern E:\3.46\pic18-lt\cxx-framework\src\traditional\proc\p18f27j13.asm
                RCSTAbits   0x000fac       data     extern E:\3.46\pic18-lt\cxx-framework\src\traditional\proc\p18f27j13.asm
                    RCSTA   0x000fac       data     extern E:\3.46\pic18-lt\cxx-framework\src\traditional\proc\p18f27j13.asm
                TXSTAbits   0x000fad       data     extern E:\3.46\pic18-lt\cxx-framework\src\traditional\proc\p18f27j13.asm
                    TXSTA   0x000fad       data     extern E:\3.46\pic18-lt\cxx-framework\src\traditional\proc\p18f27j13.asm
                   TXSTA1   0x000fad       data     extern E:\3.46\pic18-lt\cxx-framework\src\traditional\proc\p18f27j13.asm
               TXSTA1bits   0x000fad       data     extern E:\3.46\pic18-lt\cxx-framework\src\traditional\proc\p18f27j13.asm
                   TXREG1   0x000fae       data     extern E:\3.46\pic18-lt\cxx-framework\src\traditional\proc\p18f27j13.asm
                    TXREG   0x000fae       data     extern E:\3.46\pic18-lt\cxx-framework\src\traditional\proc\p18f27j13.asm
                   RCREG1   0x000faf       data     extern E:\3.46\pic18-lt\cxx-framework\src\traditional\proc\p18f27j13.asm
                    RCREG   0x000faf       data     extern E:\3.46\pic18-lt\cxx-framework\src\traditional\proc\p18f27j13.asm
                    SPBRG   0x000fb0       data     extern E:\3.46\pic18-lt\cxx-framework\src\traditional\proc\p18f27j13.asm
                   SPBRG1   0x000fb0       data     extern E:\3.46\pic18-lt\cxx-framework\src\traditional\proc\p18f27j13.asm
                 CTMUICON   0x000fb1       data     extern E:\3.46\pic18-lt\cxx-framework\src\traditional\proc\p18f27j13.asm
             CTMUICONbits   0x000fb1       data     extern E:\3.46\pic18-lt\cxx-framework\src\traditional\proc\p18f27j13.asm
             CTMUCONLbits   0x000fb2       data     extern E:\3.46\pic18-lt\cxx-framework\src\traditional\proc\p18f27j13.asm
                 CTMUCONL   0x000fb2       data     extern E:\3.46\pic18-lt\cxx-framework\src\traditional\proc\p18f27j13.asm
             CTMUCONHbits   0x000fb3       data     extern E:\3.46\pic18-lt\cxx-framework\src\traditional\proc\p18f27j13.asm
                 CTMUCONH   0x000fb3       data     extern E:\3.46\pic18-lt\cxx-framework\src\traditional\proc\p18f27j13.asm
                 ECCP2CON   0x000fb4       data     extern E:\3.46\pic18-lt\cxx-framework\src\traditional\proc\p18f27j13.asm
             ECCP2CONbits   0x000fb4       data     extern E:\3.46\pic18-lt\cxx-framework\src\traditional\proc\p18f27j13.asm
              CCP2CONbits   0x000fb4       data     extern E:\3.46\pic18-lt\cxx-framework\src\traditional\proc\p18f27j13.asm
                  CCP2CON   0x000fb4       data     extern E:\3.46\pic18-lt\cxx-framework\src\traditional\proc\p18f27j13.asm
                    CCPR2   0x000fb5       data     extern E:\3.46\pic18-lt\cxx-framework\src\traditional\proc\p18f27j13.asm
                   CCPR2L   0x000fb5       data     extern E:\3.46\pic18-lt\cxx-framework\src\traditional\proc\p18f27j13.asm
                   CCPR2H   0x000fb6       data     extern E:\3.46\pic18-lt\cxx-framework\src\traditional\proc\p18f27j13.asm
                  PWM2CON   0x000fb7       data     extern E:\3.46\pic18-lt\cxx-framework\src\traditional\proc\p18f27j13.asm
                 ECCP2DEL   0x000fb7       data     extern E:\3.46\pic18-lt\cxx-framework\src\traditional\proc\p18f27j13.asm
             ECCP2DELbits   0x000fb7       data     extern E:\3.46\pic18-lt\cxx-framework\src\traditional\proc\p18f27j13.asm
              PWM2CONbits   0x000fb7       data     extern E:\3.46\pic18-lt\cxx-framework\src\traditional\proc\p18f27j13.asm
                  ECCP2AS   0x000fb8       data     extern E:\3.46\pic18-lt\cxx-framework\src\traditional\proc\p18f27j13.asm
              ECCP2ASbits   0x000fb8       data     extern E:\3.46\pic18-lt\cxx-framework\src\traditional\proc\p18f27j13.asm
                 PSTR2CON   0x000fb9       data     extern E:\3.46\pic18-lt\cxx-framework\src\traditional\proc\p18f27j13.asm
             PSTR2CONbits   0x000fb9       data     extern E:\3.46\pic18-lt\cxx-framework\src\traditional\proc\p18f27j13.asm
             ECCP1CONbits   0x000fba       data     extern E:\3.46\pic18-lt\cxx-framework\src\traditional\proc\p18f27j13.asm
              CCP1CONbits   0x000fba       data     extern E:\3.46\pic18-lt\cxx-framework\src\traditional\proc\p18f27j13.asm
                  CCP1CON   0x000fba       data     extern E:\3.46\pic18-lt\cxx-framework\src\traditional\proc\p18f27j13.asm
                 ECCP1CON   0x000fba       data     extern E:\3.46\pic18-lt\cxx-framework\src\traditional\proc\p18f27j13.asm
                    CCPR1   0x000fbb       data     extern E:\3.46\pic18-lt\cxx-framework\src\traditional\proc\p18f27j13.asm
                   CCPR1L   0x000fbb       data     extern E:\3.46\pic18-lt\cxx-framework\src\traditional\proc\p18f27j13.asm
                   CCPR1H   0x000fbc       data     extern E:\3.46\pic18-lt\cxx-framework\src\traditional\proc\p18f27j13.asm
                 ECCP1DEL   0x000fbd       data     extern E:\3.46\pic18-lt\cxx-framework\src\traditional\proc\p18f27j13.asm
              PWM1CONbits   0x000fbd       data     extern E:\3.46\pic18-lt\cxx-framework\src\traditional\proc\p18f27j13.asm
                  PWM1CON   0x000fbd       data     extern E:\3.46\pic18-lt\cxx-framework\src\traditional\proc\p18f27j13.asm
             ECCP1DELbits   0x000fbd       data     extern E:\3.46\pic18-lt\cxx-framework\src\traditional\proc\p18f27j13.asm
              ECCP1ASbits   0x000fbe       data     extern E:\3.46\pic18-lt\cxx-framework\src\traditional\proc\p18f27j13.asm
                  ECCP1AS   0x000fbe       data     extern E:\3.46\pic18-lt\cxx-framework\src\traditional\proc\p18f27j13.asm
                 PSTR1CON   0x000fbf       data     extern E:\3.46\pic18-lt\cxx-framework\src\traditional\proc\p18f27j13.asm
             PSTR1CONbits   0x000fbf       data     extern E:\3.46\pic18-lt\cxx-framework\src\traditional\proc\p18f27j13.asm
               WDTCONbits   0x000fc0       data     extern E:\3.46\pic18-lt\cxx-framework\src\traditional\proc\p18f27j13.asm
                   WDTCON   0x000fc0       data     extern E:\3.46\pic18-lt\cxx-framework\src\traditional\proc\p18f27j13.asm
                   ADCON1   0x000fc1       data     extern E:\3.46\pic18-lt\cxx-framework\src\traditional\proc\p18f27j13.asm
               ADCON1bits   0x000fc1       data     extern E:\3.46\pic18-lt\cxx-framework\src\traditional\proc\p18f27j13.asm
                   ADCON0   0x000fc2       data     extern E:\3.46\pic18-lt\cxx-framework\src\traditional\proc\p18f27j13.asm
               ADCON0bits   0x000fc2       data     extern E:\3.46\pic18-lt\cxx-framework\src\traditional\proc\p18f27j13.asm
                    ADRES   0x000fc3       data     extern E:\3.46\pic18-lt\cxx-framework\src\traditional\proc\p18f27j13.asm
                   ADRESL   0x000fc3       data     extern E:\3.46\pic18-lt\cxx-framework\src\traditional\proc\p18f27j13.asm
                   ADRESH   0x000fc4       data     extern E:\3.46\pic18-lt\cxx-framework\src\traditional\proc\p18f27j13.asm
                 SSP1CON2   0x000fc5       data     extern E:\3.46\pic18-lt\cxx-framework\src\traditional\proc\p18f27j13.asm
             SSP1CON2bits   0x000fc5       data     extern E:\3.46\pic18-lt\cxx-framework\src\traditional\proc\p18f27j13.asm
              SSPCON2bits   0x000fc5       data     extern E:\3.46\pic18-lt\cxx-framework\src\traditional\proc\p18f27j13.asm
                  SSPCON2   0x000fc5       data     extern E:\3.46\pic18-lt\cxx-framework\src\traditional\proc\p18f27j13.asm
                 SSP1CON1   0x000fc6       data     extern E:\3.46\pic18-lt\cxx-framework\src\traditional\proc\p18f27j13.asm
              SSPCON1bits   0x000fc6       data     extern E:\3.46\pic18-lt\cxx-framework\src\traditional\proc\p18f27j13.asm
                  SSPCON1   0x000fc6       data     extern E:\3.46\pic18-lt\cxx-framework\src\traditional\proc\p18f27j13.asm
             SSP1CON1bits   0x000fc6       data     extern E:\3.46\pic18-lt\cxx-framework\src\traditional\proc\p18f27j13.asm
             SSP1STATbits   0x000fc7       data     extern E:\3.46\pic18-lt\cxx-framework\src\traditional\proc\p18f27j13.asm
                  SSPSTAT   0x000fc7       data     extern E:\3.46\pic18-lt\cxx-framework\src\traditional\proc\p18f27j13.asm
              SSPSTATbits   0x000fc7       data     extern E:\3.46\pic18-lt\cxx-framework\src\traditional\proc\p18f27j13.asm
                 SSP1STAT   0x000fc7       data     extern E:\3.46\pic18-lt\cxx-framework\src\traditional\proc\p18f27j13.asm
                   SSPADD   0x000fc8       data     extern E:\3.46\pic18-lt\cxx-framework\src\traditional\proc\p18f27j13.asm
              SSP1MSKbits   0x000fc8       data     extern E:\3.46\pic18-lt\cxx-framework\src\traditional\proc\p18f27j13.asm
                  SSP1MSK   0x000fc8       data     extern E:\3.46\pic18-lt\cxx-framework\src\traditional\proc\p18f27j13.asm
                  SSP1ADD   0x000fc8       data     extern E:\3.46\pic18-lt\cxx-framework\src\traditional\proc\p18f27j13.asm
                   SSPBUF   0x000fc9       data     extern E:\3.46\pic18-lt\cxx-framework\src\traditional\proc\p18f27j13.asm
                  SSP1BUF   0x000fc9       data     extern E:\3.46\pic18-lt\cxx-framework\src\traditional\proc\p18f27j13.asm
                T2CONbits   0x000fca       data     extern E:\3.46\pic18-lt\cxx-framework\src\traditional\proc\p18f27j13.asm
                    T2CON   0x000fca       data     extern E:\3.46\pic18-lt\cxx-framework\src\traditional\proc\p18f27j13.asm
                      PR2   0x000fcb       data     extern E:\3.46\pic18-lt\cxx-framework\src\traditional\proc\p18f27j13.asm
                     TMR2   0x000fcc       data     extern E:\3.46\pic18-lt\cxx-framework\src\traditional\proc\p18f27j13.asm
                T1CONbits   0x000fcd       data     extern E:\3.46\pic18-lt\cxx-framework\src\traditional\proc\p18f27j13.asm
                    T1CON   0x000fcd       data     extern E:\3.46\pic18-lt\cxx-framework\src\traditional\proc\p18f27j13.asm
                    TMR1L   0x000fce       data     extern E:\3.46\pic18-lt\cxx-framework\src\traditional\proc\p18f27j13.asm
                    TMR1H   0x000fcf       data     extern E:\3.46\pic18-lt\cxx-framework\src\traditional\proc\p18f27j13.asm
                 RCONbits   0x000fd0       data     extern E:\3.46\pic18-lt\cxx-framework\src\traditional\proc\p18f27j13.asm
                     RCON   0x000fd0       data     extern E:\3.46\pic18-lt\cxx-framework\src\traditional\proc\p18f27j13.asm
                   CM2CON   0x000fd1       data     extern E:\3.46\pic18-lt\cxx-framework\src\traditional\proc\p18f27j13.asm
                  CM2CON1   0x000fd1       data     extern E:\3.46\pic18-lt\cxx-framework\src\traditional\proc\p18f27j13.asm
              CM2CON1bits   0x000fd1       data     extern E:\3.46\pic18-lt\cxx-framework\src\traditional\proc\p18f27j13.asm
               CM2CONbits   0x000fd1       data     extern E:\3.46\pic18-lt\cxx-framework\src\traditional\proc\p18f27j13.asm
                   CM1CON   0x000fd2       data     extern E:\3.46\pic18-lt\cxx-framework\src\traditional\proc\p18f27j13.asm
                  CM1CON1   0x000fd2       data     extern E:\3.46\pic18-lt\cxx-framework\src\traditional\proc\p18f27j13.asm
              CM1CON1bits   0x000fd2       data     extern E:\3.46\pic18-lt\cxx-framework\src\traditional\proc\p18f27j13.asm
               CM1CONbits   0x000fd2       data     extern E:\3.46\pic18-lt\cxx-framework\src\traditional\proc\p18f27j13.asm
                   OSCCON   0x000fd3       data     extern E:\3.46\pic18-lt\cxx-framework\src\traditional\proc\p18f27j13.asm
               OSCCONbits   0x000fd3       data     extern E:\3.46\pic18-lt\cxx-framework\src\traditional\proc\p18f27j13.asm
                T0CONbits   0x000fd5       data     extern E:\3.46\pic18-lt\cxx-framework\src\traditional\proc\p18f27j13.asm
                    T0CON   0x000fd5       data     extern E:\3.46\pic18-lt\cxx-framework\src\traditional\proc\p18f27j13.asm
                    TMR0L   0x000fd6       data     extern E:\3.46\pic18-lt\cxx-framework\src\traditional\proc\p18f27j13.asm
                    TMR0H   0x000fd7       data     extern E:\3.46\pic18-lt\cxx-framework\src\traditional\proc\p18f27j13.asm
                   STATUS   0x000fd8       data     extern E:\3.46\pic18-lt\cxx-framework\src\traditional\proc\p18f27j13.asm
               STATUSbits   0x000fd8       data     extern E:\3.46\pic18-lt\cxx-framework\src\traditional\proc\p18f27j13.asm
                    FSR2L   0x000fd9       data     extern E:\3.46\pic18-lt\cxx-framework\src\traditional\proc\p18f27j13.asm
                     FSR2   0x000fd9       data     extern E:\3.46\pic18-lt\cxx-framework\src\traditional\proc\p18f27j13.asm
                    FSR2H   0x000fda       data     extern E:\3.46\pic18-lt\cxx-framework\src\traditional\proc\p18f27j13.asm
                   PLUSW2   0x000fdb       data     extern E:\3.46\pic18-lt\cxx-framework\src\traditional\proc\p18f27j13.asm
                  PREINC2   0x000fdc       data     extern E:\3.46\pic18-lt\cxx-framework\src\traditional\proc\p18f27j13.asm
                 POSTDEC2   0x000fdd       data     extern E:\3.46\pic18-lt\cxx-framework\src\traditional\proc\p18f27j13.asm
                 POSTINC2   0x000fde       data     extern E:\3.46\pic18-lt\cxx-framework\src\traditional\proc\p18f27j13.asm
                    INDF2   0x000fdf       data     extern E:\3.46\pic18-lt\cxx-framework\src\traditional\proc\p18f27j13.asm
                      BSR   0x000fe0       data     extern E:\3.46\pic18-lt\cxx-framework\src\traditional\proc\p18f27j13.asm
                     FSR1   0x000fe1       data     extern E:\3.46\pic18-lt\cxx-framework\src\traditional\proc\p18f27j13.asm
                    FSR1L   0x000fe1       data     extern E:\3.46\pic18-lt\cxx-framework\src\traditional\proc\p18f27j13.asm
                    FSR1H   0x000fe2       data     extern E:\3.46\pic18-lt\cxx-framework\src\traditional\proc\p18f27j13.asm
                   PLUSW1   0x000fe3       data     extern E:\3.46\pic18-lt\cxx-framework\src\traditional\proc\p18f27j13.asm
                  PREINC1   0x000fe4       data     extern E:\3.46\pic18-lt\cxx-framework\src\traditional\proc\p18f27j13.asm
                 POSTDEC1   0x000fe5       data     extern E:\3.46\pic18-lt\cxx-framework\src\traditional\proc\p18f27j13.asm
                 POSTINC1   0x000fe6       data     extern E:\3.46\pic18-lt\cxx-framework\src\traditional\proc\p18f27j13.asm
                    INDF1   0x000fe7       data     extern E:\3.46\pic18-lt\cxx-framework\src\traditional\proc\p18f27j13.asm
                     WREG   0x000fe8       data     extern E:\3.46\pic18-lt\cxx-framework\src\traditional\proc\p18f27j13.asm
                    FSR0L   0x000fe9       data     extern E:\3.46\pic18-lt\cxx-framework\src\traditional\proc\p18f27j13.asm
                     FSR0   0x000fe9       data     extern E:\3.46\pic18-lt\cxx-framework\src\traditional\proc\p18f27j13.asm
                    FSR0H   0x000fea       data     extern E:\3.46\pic18-lt\cxx-framework\src\traditional\proc\p18f27j13.asm
                   PLUSW0   0x000feb       data     extern E:\3.46\pic18-lt\cxx-framework\src\traditional\proc\p18f27j13.asm
                  PREINC0   0x000fec       data     extern E:\3.46\pic18-lt\cxx-framework\src\traditional\proc\p18f27j13.asm
                 POSTDEC0   0x000fed       data     extern E:\3.46\pic18-lt\cxx-framework\src\traditional\proc\p18f27j13.asm
                 POSTINC0   0x000fee       data     extern E:\3.46\pic18-lt\cxx-framework\src\traditional\proc\p18f27j13.asm
                    INDF0   0x000fef       data     extern E:\3.46\pic18-lt\cxx-framework\src\traditional\proc\p18f27j13.asm
                  INTCON3   0x000ff0       data     extern E:\3.46\pic18-lt\cxx-framework\src\traditional\proc\p18f27j13.asm
              INTCON3bits   0x000ff0       data     extern E:\3.46\pic18-lt\cxx-framework\src\traditional\proc\p18f27j13.asm
              INTCON2bits   0x000ff1       data     extern E:\3.46\pic18-lt\cxx-framework\src\traditional\proc\p18f27j13.asm
                  INTCON2   0x000ff1       data     extern E:\3.46\pic18-lt\cxx-framework\src\traditional\proc\p18f27j13.asm
               INTCONbits   0x000ff2       data     extern E:\3.46\pic18-lt\cxx-framework\src\traditional\proc\p18f27j13.asm
                   INTCON   0x000ff2       data     extern E:\3.46\pic18-lt\cxx-framework\src\traditional\proc\p18f27j13.asm
                     PROD   0x000ff3       data     extern E:\3.46\pic18-lt\cxx-framework\src\traditional\proc\p18f27j13.asm
                    PRODL   0x000ff3       data     extern E:\3.46\pic18-lt\cxx-framework\src\traditional\proc\p18f27j13.asm
                    PRODH   0x000ff4       data     extern E:\3.46\pic18-lt\cxx-framework\src\traditional\proc\p18f27j13.asm
                   TABLAT   0x000ff5       data     extern E:\3.46\pic18-lt\cxx-framework\src\traditional\proc\p18f27j13.asm
                  TBLPTRL   0x000ff6       data     extern E:\3.46\pic18-lt\cxx-framework\src\traditional\proc\p18f27j13.asm
                   TBLPTR   0x000ff6       data     extern E:\3.46\pic18-lt\cxx-framework\src\traditional\proc\p18f27j13.asm
                  TBLPTRH   0x000ff7       data     extern E:\3.46\pic18-lt\cxx-framework\src\traditional\proc\p18f27j13.asm
                  TBLPTRU   0x000ff8       data     extern E:\3.46\pic18-lt\cxx-framework\src\traditional\proc\p18f27j13.asm
                      PCL   0x000ff9       data     extern E:\3.46\pic18-lt\cxx-framework\src\traditional\proc\p18f27j13.asm
                       PC   0x000ff9       data     extern E:\3.46\pic18-lt\cxx-framework\src\traditional\proc\p18f27j13.asm
                   PCLATH   0x000ffa       data     extern E:\3.46\pic18-lt\cxx-framework\src\traditional\proc\p18f27j13.asm
                   PCLATU   0x000ffb       data     extern E:\3.46\pic18-lt\cxx-framework\src\traditional\proc\p18f27j13.asm
                   STKPTR   0x000ffc       data     extern E:\3.46\pic18-lt\cxx-framework\src\traditional\proc\p18f27j13.asm
               STKPTRbits   0x000ffc       data     extern E:\3.46\pic18-lt\cxx-framework\src\traditional\proc\p18f27j13.asm
                      TOS   0x000ffd       data     extern E:\3.46\pic18-lt\cxx-framework\src\traditional\proc\p18f27j13.asm
                     TOSL   0x000ffd       data     extern E:\3.46\pic18-lt\cxx-framework\src\traditional\proc\p18f27j13.asm
                     TOSH   0x000ffe       data     extern E:\3.46\pic18-lt\cxx-framework\src\traditional\proc\p18f27j13.asm
                     TOSU   0x000fff       data     extern E:\3.46\pic18-lt\cxx-framework\src\traditional\proc\p18f27j13.asm


